Archive member included because of file (symbol)

C:/Program Files/TeliumSDK/SDK 9.8.0/SDK/lib_gnu_434/eft30.lib(atoi.o)
                              Obj/GNU_ARM_DEBUG/Backlight.o (atoi)
C:/Program Files/TeliumSDK/SDK 9.8.0/SDK/lib_gnu_434/eft30.lib(extens119.o)
                              Obj/GNU_ARM_DEBUG/Dialogs.o (StateHeader)
C:/Program Files/TeliumSDK/SDK 9.8.0/SDK/lib_gnu_434/eft30.lib(extens134.o)
                              Obj/GNU_ARM_DEBUG/Dialogs.o (IsHeader)
C:/Program Files/TeliumSDK/SDK 9.8.0/SDK/lib_gnu_434/eft30.lib(extens201.o)
                              Obj/GNU_ARM_DEBUG/Dialogs.o (GetHeaderSize)
C:/Program Files/TeliumSDK/SDK 9.8.0/SDK/lib_gnu_434/eft30.lib(extens232.o)
                              Obj/GNU_ARM_DEBUG/Dialogs.o (Beep)
C:/Program Files/TeliumSDK/SDK 9.8.0/SDK/lib_gnu_434/eft30.lib(extens54.o)
                              Obj/GNU_ARM_DEBUG/NTP.o (longto_d)
C:/Program Files/TeliumSDK/SDK 9.8.0/SDK/lib_gnu_434/eft30.lib(param156.o)
                              Obj/GNU_ARM_DEBUG/Conn.o (PSQ_Give_Full_Serial_Number)
C:/Program Files/TeliumSDK/SDK 9.8.0/SDK/lib_gnu_434/eft30.lib(param17.o)
                              Obj/GNU_ARM_DEBUG/Sistema.o (PSQ_Donner_noserie)
C:/Program Files/TeliumSDK/SDK 9.8.0/SDK/lib_gnu_434/eft30.lib(param47.o)
                              Obj/GNU_ARM_DEBUG/Sistema.o (PSQ_lire_type_materiel)
C:/Program Files/TeliumSDK/SDK 9.8.0/SDK/lib_gnu_434/eft30.lib(param81.o)
                              Obj/GNU_ARM_DEBUG/Sistema.o (PSQ_Lire_Gamme_Produit)
C:/Program Files/TeliumSDK/SDK 9.8.0/SDK/lib_gnu_434/eft30.lib(saisie18.o)
                              Obj/GNU_ARM_DEBUG/Dialogs.o (G_Saisie_Etendue)
C:/Program Files/TeliumSDK/SDK 9.8.0/SDK/lib_gnu_434/eft30.lib(saisie6.o)
                              Obj/GNU_ARM_DEBUG/Dialogs.o (Read_Saisie)
C:/Program Files/TeliumSDK/SDK 9.8.0/SDK/lib_gnu_434/eft30.lib(saisie7.o)
                              Obj/GNU_ARM_DEBUG/Dialogs.o (G_Saisie_Numerique)
C:/Program Files/TeliumSDK/SDK 9.8.0/SDK/lib_gnu_434/eft30.lib(saisie8.o)
                              Obj/GNU_ARM_DEBUG/Dialogs.o (G_Saisie_Alphanumerique)
C:/Program Files/TeliumSDK/SDK 9.8.0/SDK/lib_gnu_434/eft30.lib(saisie9.o)
                              Obj/GNU_ARM_DEBUG/Menus.o (G_Saisie_Liste)
C:/Program Files/TeliumSDK/SDK 9.8.0/SDK/lib_gnu_434/eft30.lib(sv24.o)
                              Obj/GNU_ARM_DEBUG/Entry.o (SV_read_date)
C:/Program Files/TeliumSDK/SDK 9.8.0/SDK/lib_gnu_434/eft30.lib(sv25.o)
                              Obj/GNU_ARM_DEBUG/Inicio.o (SV_write_date)
C:/Program Files/TeliumSDK/SDK 9.8.0/SDK/lib_gnu_434/eft30.lib(libgr110.o)
                              Obj/GNU_ARM_DEBUG/Dialogs.o (clrscr)
C:/Program Files/TeliumSDK/SDK 9.8.0/SDK/lib_gnu_434/eft30.lib(libgr123.o)
                              Obj/GNU_ARM_DEBUG/Boleto.o (GetBmpInfos)
C:/Program Files/TeliumSDK/SDK 9.8.0/SDK/lib_gnu_434/eft30.lib(libgr137.o)
                              Obj/GNU_ARM_DEBUG/Backlight.o (PaintGraphics)
C:/Program Files/TeliumSDK/SDK 9.8.0/SDK/lib_gnu_434/eft30.lib(libgr25.o)
                              Obj/GNU_ARM_DEBUG/Dialogs.o (_DrawWindow)
C:/Program Files/TeliumSDK/SDK 9.8.0/SDK/lib_gnu_434/eft30.lib(libgr3.o)
                              Obj/GNU_ARM_DEBUG/Dialogs.o (SetFont)
C:/Program Files/TeliumSDK/SDK 9.8.0/SDK/lib_gnu_434/eft30.lib(libgr33.o)
                              Obj/GNU_ARM_DEBUG/Dialogs.o (GetScreenSize)
C:/Program Files/TeliumSDK/SDK 9.8.0/SDK/lib_gnu_434/eft30.lib(libgr35.o)
                              Obj/GNU_ARM_DEBUG/Backlight.o (_clrscr)
C:/Program Files/TeliumSDK/SDK 9.8.0/SDK/lib_gnu_434/eft30.lib(libgr37.o)
                              Obj/GNU_ARM_DEBUG/Dialogs.o (GetPoliceSize)
C:/Program Files/TeliumSDK/SDK 9.8.0/SDK/lib_gnu_434/eft30.lib(libgr41.o)
                              Obj/GNU_ARM_DEBUG/Dialogs.o (DisplayBitmap)
C:/Program Files/TeliumSDK/SDK 9.8.0/SDK/lib_gnu_434/eft30.lib(libgr49.o)
                              Obj/GNU_ARM_DEBUG/Dialogs.o (GetDefaultFont)
C:/Program Files/TeliumSDK/SDK 9.8.0/SDK/lib_gnu_434/eft30.lib(libgr50.o)
                              Obj/GNU_ARM_DEBUG/Backlight.o (_DrawExtendedString)
C:/Program Files/TeliumSDK/SDK 9.8.0/SDK/lib_gnu_434/eft30.lib(libgr52.o)
                              Obj/GNU_ARM_DEBUG/Dialogs.o (_SizeofExtendedString)
C:/Program Files/TeliumSDK/SDK 9.8.0/SDK/lib_gnu_434/eft30.lib(libgr7.o)
                              Obj/GNU_ARM_DEBUG/Dialogs.o (CreateGraphics)
C:/Program Files/TeliumSDK/SDK 9.8.0/SDK/lib_gnu_434/eft30.lib(libgr75.o)
                              Obj/GNU_ARM_DEBUG/Boleto.o (DefPrinterMargins)
C:/Program Files/TeliumSDK/SDK 9.8.0/SDK/lib_gnu_434/eft30.lib(libgr81.o)
                              Obj/GNU_ARM_DEBUG/Boleto.o (_PrintBmpXY)
C:/Program Files/TeliumSDK/SDK 9.8.0/SDK/lib_gnu_434/eft30.lib(libgr82.o)
                              Obj/GNU_ARM_DEBUG/Boleto.o (PaintPrinterGraphics)
[...]
Memory Configuration

Name             Origin             Length             Attributes
*default*        0x00000000         0xffffffff

Linker script and memory map

                0x00000000                . = 0x0
                0x00000000                __text_start = .

.text           0x00000000    0x151b8
 *(.first)
 .first         0x00000000       0xb0 Obj/GNU_ARM_DEBUG/cstartup.o
                0x00000000                _start
 *(.text .text.*)
 .text          0x000000b0      0x1d8 Obj/GNU_ARM_DEBUG/Backlight.o
                0x000000b0                DefinirLuzFundo
 .text          0x00000288      0xed8 Obj/GNU_ARM_DEBUG/Boleto.o
                0x00000288                ImprimeBMP
                0x00000334                ImprimeCodBarras25
                0x000004e0                ImprimeCaracVert
                0x00000534                ImprimeVertical
                0x00000780                ImprimeBoleto
                0x00000ddc                ImprimeBoletos
 .text          0x00001160      0x570 Obj/GNU_ARM_DEBUG/Conn.o
                0x00001160                PegaPortaServidor
                0x0000119c                Validate_ip4
                0x00001210                PegaIPServidor
                0x000012b0                AbrirEthernetManual
                0x00001344                AtivarDHCP
                0x000013bc                StatusDHCP
                0x00001414                PrintNetworkInfos
 .text          0x000016d0      0xb48 Obj/GNU_ARM_DEBUG/Dialogs.o
                0x000016d0                PrintSimpleMessage
                0x00001734                DisplayLogo
                0x000017b8                LimpaTela
                0x000017e4                PegaSenha
                0x000018b0                PegaInteiro
                0x00001980                PegaAlfa
                0x00001a9c                ShowDialogBox
                0x00001b34                PegaEnderecoIP
                0x00001c2c                DisplaySimpleMessage2lines
                0x00001d1c                PressioneTecla
                0x00001d74                DisplaySimpleMessage
                0x00001e30                Bip
                0x00001e60                PegaMSISDN
                0x00002068                PegaData
 .text          0x00002218      0x9fc Obj/GNU_ARM_DEBUG/Entry.o
                0x00002218                give_your_domain
                0x0000225c                more_function
                0x00002280                time_function
                0x000022b8                is_delete
                0x000022e0                card_inside
                0x00002308                give_interface
                0x00002354                entry
                0x000023c8                debit_non_emv
                0x00002444                is_for_you_after
                0x00002524                message_received
                0x000025ac                file_received
                0x000026b0                modif_param
                0x0000270c                mcall
                0x00002798                consult
                0x00002824                state
                0x000028d4                keyboard_event
                0x00002964                idle_message
                0x000029d8                is_name
                0x00002a40                is_card_specific
                0x00002a7c                is_evol_pg
                0x00002ab8                is_change_init
                0x00002b14                is_time_function
                0x00002b50                is_state
                0x00002b8c                after_reset
 .text          0x00002c14      0xa20 Obj/GNU_ARM_DEBUG/File.o
                0x00002c14                SalvarConfigs
                0x00002f58                SalvarProdutos
                0x00003068                CarregarProdutos
                0x00003204                CarregarConfigs
 .text          0x00003634      0x42c Obj/GNU_ARM_DEBUG/FTP.o
                0x00003634                iFtp_get_file_list
                0x000036cc                RAMDISK_Activate
                0x00003700                RAMDISK_CloseFile
                0x00003728                RAMDISK_OpenFile
                0x0000379c                RAMDISK_Delete
                0x000037fc                RAMDISK_Create
                0x00003898                RAMDISK_WriteInFile
                0x000038ec                iFtp_download_file
                0x000039e0                iFtp_download_files
 .text          0x00003a60      0x420 Obj/GNU_ARM_DEBUG/GPRS.o
                0x00003a60                ConnectNetworkGPRS_LL
                0x00003c0c                WaitNetworkPPP
                0x00003c74                WaitNetworkAvailable
                0x00003d00                ConnectNetworkGPRS
                0x00003da4                AbrirGPRS
                0x00003e2c                ChecarPPP
 .text          0x00003e80      0x50c Obj/GNU_ARM_DEBUG/HTTP.o
                0x00003e80                _EnviaSocket
                0x00003fc0                EnviaSocket
                0x00004064                TesteConexao
                0x0000411c                HttpResponse
                0x00004264                HttpPost
 .text          0x0000438c      0x530 Obj/GNU_ARM_DEBUG/Inicio.o
                0x0000438c                VerificarTrocaChip
                0x00004498                AtualizarMsgTela
                0x0000453c                AtualizarProdutos
                0x000046fc                AtualizarHora
                0x00004798                Inicio
 .text          0x000048bc      0x134 Obj/GNU_ARM_DEBUG/Main.o
                0x000048bc                Main
 .text          0x000049f0     0x1ba8 Obj/GNU_ARM_DEBUG/Menus.o
                0x000049f0                opcaoFechaDistrib
                0x00004a14                opcaoCreditoVista
                0x00004a38                opcaoReimpressaoBoleto
                0x00004a5c                opcaoVendaUsuario
                0x00004a80                opcaoConsultaSaldo
                0x00004aa4                opcaoConsultaNSU
                0x00004ac8                opcaoLuzFundo
                0x00004af0                opcaoTesteConexao
                0x00004b18                opcaoAtualizar
                0x00004b78                opcaoAlterarSenha
                0x00004cc0                opcaoPorCodigo
                0x00004e7c                opcaoUltimaVenda
                0x00005014                opcaoImprimirCobranca
                0x00005044                opcaoAtualizarVersao
                0x0000506c                opcaoInformacoesGerais
                0x00005094                opcaoRegistrarAtend
                0x00005208                opcaoVincularDistrib
                0x00005408                opcaoReiniciar
                0x00005430                opcaoEthernetManual
                0x00005664                opcaoGPRSPublicoOutros
                0x00005838                imprimirRelatorio
                0x00005970                opcaoVendaData
                0x00005acc                opcaoListarCobrancas
                0x00005bb8                OperManageMenu
                0x00005cb8                ManageMenu
                0x00005db8                opcaoReimpressaoVendas
                0x00005e18                opcaoRelatorios
                0x00005e74                opcaoCobranca
                0x00005ee4                iniciarMenuAdm
                0x00005f6c                iniciarMenuPrincipal
                0x00006168                opcaoConfServidor
                0x00006288                opcaoGPRSPublico
                0x00006408                opcaoTipoConexao
                0x000064b8                iniciarMenuSistema
 .text          0x00006598      0x10c Obj/GNU_ARM_DEBUG/NTP.o
                0x00006598                NTPDate
 .text          0x000066a4      0x464 Obj/GNU_ARM_DEBUG/Sistema.o
                0x000066a4                AtualizarSistema
                0x000068b0                PegarSerial
                0x00006900                PegarICCID
                0x0000694c                PegarModelo
 .text          0x00006b08      0x78c Obj/GNU_ARM_DEBUG/Recarga.o
                0x00006b08                ImprimirComprovante
                0x00006d88                opcaoRecarga
                0x00007054                RecManageMenu
                0x00007154                iniciarMenuRecarga
 .text          0x00007294        0x0 Obj/GNU_ARM_DEBUG/cstartup.o
 .text          0x00007294       0x20 Obj/GNU_ARM_DEBUG/__ing_cguard.o
                0x00007294                __stack_chk_fail
 *fill*         0x000072b4        0xc 00
 .text          0x000072c0       0x70 Obj/GNU_ARM_DEBUG/__ing_getRand_dateXORSerial.o
                0x000072c0                __stack_get_rand
 .text          0x00007330       0x94 C:/Program Files/TeliumSDK/SDK 9.8.0/SDK/lib_gnu_434/eft30.lib(atoi.o)
                0x00007330                atol
                0x0000739c                atoi
 .text          0x000073c4       0x64 C:/Program Files/TeliumSDK/SDK 9.8.0/SDK/lib_gnu_434/eft30.lib(extens119.o)
                0x000073c4                StateHeader
 .text          0x00007428       0x88 C:/Program Files/TeliumSDK/SDK 9.8.0/SDK/lib_gnu_434/eft30.lib(extens134.o)
                0x00007428                IsHeaderActivated
                0x00007484                IsHeader
 .text          0x000074b0       0x74 C:/Program Files/TeliumSDK/SDK 9.8.0/SDK/lib_gnu_434/eft30.lib(extens201.o)
                0x000074b0                GetHeaderSize
 .text          0x00007524       0x74 C:/Program Files/TeliumSDK/SDK 9.8.0/SDK/lib_gnu_434/eft30.lib(extens232.o)
                0x00007524                Beep
 .text          0x00007598       0x74 C:/Program Files/TeliumSDK/SDK 9.8.0/SDK/lib_gnu_434/eft30.lib(extens54.o)
                0x00007598                longto_d
 .text          0x0000760c       0x68 C:/Program Files/TeliumSDK/SDK 9.8.0/SDK/lib_gnu_434/eft30.lib(param156.o)
                0x0000760c                PSQ_Give_Full_Serial_Number
 .text          0x00007674       0x6c C:/Program Files/TeliumSDK/SDK 9.8.0/SDK/lib_gnu_434/eft30.lib(param17.o)
                0x00007674                PSQ_Donner_noserie
 .text          0x000076e0       0x6c C:/Program Files/TeliumSDK/SDK 9.8.0/SDK/lib_gnu_434/eft30.lib(param47.o)
                0x000076e0                PSQ_lire_type_materiel
 .text          0x0000774c       0x6c C:/Program Files/TeliumSDK/SDK 9.8.0/SDK/lib_gnu_434/eft30.lib(param81.o)
                0x0000774c                PSQ_Lire_Gamme_Produit
 .text          0x000077b8       0x70 C:/Program Files/TeliumSDK/SDK 9.8.0/SDK/lib_gnu_434/eft30.lib(saisie18.o)
                0x000077b8                G_Saisie_Etendue
 .text          0x00007828       0x70 C:/Program Files/TeliumSDK/SDK 9.8.0/SDK/lib_gnu_434/eft30.lib(saisie6.o)
                0x00007828                Read_Saisie
 .text          0x00007898       0x70 C:/Program Files/TeliumSDK/SDK 9.8.0/SDK/lib_gnu_434/eft30.lib(saisie7.o)
                0x00007898                G_Saisie_Numerique
 .text          0x00007908       0x70 C:/Program Files/TeliumSDK/SDK 9.8.0/SDK/lib_gnu_434/eft30.lib(saisie8.o)
                0x00007908                G_Saisie_Alphanumerique
 .text          0x00007978       0x6c C:/Program Files/TeliumSDK/SDK 9.8.0/SDK/lib_gnu_434/eft30.lib(saisie9.o)
                0x00007978                G_Saisie_Liste
 .text          0x000079e4       0x68 C:/Program Files/TeliumSDK/SDK 9.8.0/SDK/lib_gnu_434/eft30.lib(sv24.o)
                0x000079e4                SV_read_date
 .text          0x00007a4c       0x68 C:/Program Files/TeliumSDK/SDK 9.8.0/SDK/lib_gnu_434/eft30.lib(sv25.o)
                0x00007a4c                SV_write_date
 .text          0x00007ab4       0x68 C:/Program Files/TeliumSDK/SDK 9.8.0/SDK/lib_gnu_434/eft30.lib(libgr110.o)
                0x00007ab4                clrscr
 .text          0x00007b1c       0x7c C:/Program Files/TeliumSDK/SDK 9.8.0/SDK/lib_gnu_434/eft30.lib(libgr123.o)
                0x00007b1c                GetBmpInfos
 .text          0x00007b98       0x5c C:/Program Files/TeliumSDK/SDK 9.8.0/SDK/lib_gnu_434/eft30.lib(libgr137.o)
                0x00007b98                PaintGraphics
 .text          0x00007bf4      0x100 C:/Program Files/TeliumSDK/SDK 9.8.0/SDK/lib_gnu_434/eft30.lib(libgr25.o)
                0x00007bf4                _DrawWindowFont
                0x00007c74                _DrawWindow
 .text          0x00007cf4       0x6c C:/Program Files/TeliumSDK/SDK 9.8.0/SDK/lib_gnu_434/eft30.lib(libgr3.o)
                0x00007cf4                SetFont
 .text          0x00007d60       0x70 C:/Program Files/TeliumSDK/SDK 9.8.0/SDK/lib_gnu_434/eft30.lib(libgr33.o)
                0x00007d60                GetScreenSize
 .text          0x00007dd0       0x68 C:/Program Files/TeliumSDK/SDK 9.8.0/SDK/lib_gnu_434/eft30.lib(libgr35.o)
                0x00007dd0                _clrscr
 .text          0x00007e38       0x6c C:/Program Files/TeliumSDK/SDK 9.8.0/SDK/lib_gnu_434/eft30.lib(libgr37.o)
                0x00007e38                GetPoliceSize
 .text          0x00007ea4       0x80 C:/Program Files/TeliumSDK/SDK 9.8.0/SDK/lib_gnu_434/eft30.lib(libgr41.o)
                0x00007ea4                DisplayBitmap
 .text          0x00007f24       0x68 C:/Program Files/TeliumSDK/SDK 9.8.0/SDK/lib_gnu_434/eft30.lib(libgr49.o)
                0x00007f24                GetDefaultFont
 .text          0x00007f8c       0x80 C:/Program Files/TeliumSDK/SDK 9.8.0/SDK/lib_gnu_434/eft30.lib(libgr50.o)
                0x00007f8c                _DrawExtendedString
 .text          0x0000800c       0x78 C:/Program Files/TeliumSDK/SDK 9.8.0/SDK/lib_gnu_434/eft30.lib(libgr52.o)
                0x0000800c                _SizeofExtendedString
 .text          0x00008084       0x68 C:/Program Files/TeliumSDK/SDK 9.8.0/SDK/lib_gnu_434/eft30.lib(libgr7.o)
                0x00008084                CreateGraphics
 .text          0x000080ec       0x70 C:/Program Files/TeliumSDK/SDK 9.8.0/SDK/lib_gnu_434/eft30.lib(libgr75.o)
                0x000080ec                DefPrinterMargins
 .text          0x0000815c       0x78 C:/Program Files/TeliumSDK/SDK 9.8.0/SDK/lib_gnu_434/eft30.lib(libgr81.o)
                0x0000815c                _PrintBmpXY
 .text          0x000081d4       0x68 C:/Program Files/TeliumSDK/SDK 9.8.0/SDK/lib_gnu_434/eft30.lib(libgr82.o)
                0x000081d4                PaintPrinterGraphics
 .text          0x0000823c       0x6c C:/Program Files/TeliumSDK/SDK 9.8.0/SDK/lib_gnu_434/eft30.lib(libgr83.o)
                0x0000823c                InitPrinterBitmap
 .text          0x000082a8       0x64 C:/Program Files/TeliumSDK/SDK 9.8.0/SDK/lib_gnu_434/eft30.lib(Tools35.o)
                0x000082a8                TM_read_date
 .text          0x0000830c       0x64 C:/Program Files/TeliumSDK/SDK 9.8.0/SDK/lib_gnu_434/eft30.lib(Tools36.o)
                0x0000830c                TM_write_date
 .text          0x00008370       0x80 C:/Program Files/TeliumSDK/SDK 9.8.0/SDK/lib_gnu_434/eft30.lib(gprs1.o)
                0x00008370                gprs_connect
 .text          0x000083f0       0x78 C:/Program Files/TeliumSDK/SDK 9.8.0/SDK/lib_gnu_434/eft30.lib(gprs11.o)
                0x000083f0                tcp_connect_to_server
 .text          0x00008468       0x7c C:/Program Files/TeliumSDK/SDK 9.8.0/SDK/lib_gnu_434/eft30.lib(gprs13.o)
                0x00008468                tcp_send_to_server
 .text          0x000084e4       0x7c C:/Program Files/TeliumSDK/SDK 9.8.0/SDK/lib_gnu_434/eft30.lib(gprs15.o)
                0x000084e4                tcp_recv_from_server
 .text          0x00008560       0x70 C:/Program Files/TeliumSDK/SDK 9.8.0/SDK/lib_gnu_434/eft30.lib(gprs17.o)
                0x00008560                tcp_disconnect_from_server
 .text          0x000085d0       0x6c C:/Program Files/TeliumSDK/SDK 9.8.0/SDK/lib_gnu_434/eft30.lib(gprs19.o)
                0x000085d0                gprs_stop
 .text          0x0000863c       0x70 C:/Program Files/TeliumSDK/SDK 9.8.0/SDK/lib_gnu_434/eft30.lib(gprs29.o)
                0x0000863c                gprs_enable
 .text          0x000086ac       0x6c C:/Program Files/TeliumSDK/SDK 9.8.0/SDK/lib_gnu_434/eft30.lib(gprs32.o)
                0x000086ac                gprs_ppp_disconnect
 .text          0x00008718       0x6c C:/Program Files/TeliumSDK/SDK 9.8.0/SDK/lib_gnu_434/eft30.lib(hwcnf18.o)
                0x00008718                HWCNF_SetBacklightLevelEx
 .text          0x00008784       0xcc C:/Program Files/TeliumSDK/SDK 9.8.0/SDK/lib_gnu_434/eft30.lib(gprs_lib.o)
                0x00008784                gprs_IsNetworkAvailable
 .text          0x00008850      0x300 C:/Program Files/TeliumSDK/SDK 9.8.0/SDK/lib_gnu_434/eft30.lib(LibAppli.o)
                0x00008850                InitVar_vide
                0x00008870                TrapResetDiv0
                0x0000889c                OEM_exit_asm
                0x000088c4                InitGK
                0x000088f8                putchar
                0x00008928                __stdprt
                0x00008958                format
                0x0000898c                printf
                0x000089c4                WaitOnError
                0x00008a30                puts
                0x00008a60                vprintf
                0x00008a94                fprintf
                0x00008ac8                pprintf
                0x00008b1c                sprintf
 .text          0x00008b50      0x1e4 C:/Program Files/TeliumSDK/SDK 9.8.0/SDK/lib_gnu_434/eft30.lib(ctype.o)
                0x00008b50                isupper
                0x00008b7c                islower
                0x00008ba8                isalpha
                0x00008bd4                isdigit
                0x00008c00                isxdigit
                0x00008c2c                isspace
                0x00008c58                ispunct
                0x00008c84                isalnum
                0x00008cb0                isgraph
                0x00008cdc                isprint
                0x00008d08                iscntrl
 .text          0x00008d34       0x90 C:/Program Files/TeliumSDK/SDK 9.8.0/SDK/lib_gnu_434/eft30.lib(extens.o)
                0x00008d34                extenslib_close
                0x00008d60                extenslib_open
 .text          0x00008dc4       0x70 C:/Program Files/TeliumSDK/SDK 9.8.0/SDK/lib_gnu_434/eft30.lib(extens236.o)
                0x00008dc4                TM_GetScreenSize
 .text          0x00008e34       0x6c C:/Program Files/TeliumSDK/SDK 9.8.0/SDK/lib_gnu_434/eft30.lib(extens237.o)
                0x00008e34                TM_CreateGraphics
 .text          0x00008ea0       0x90 C:/Program Files/TeliumSDK/SDK 9.8.0/SDK/lib_gnu_434/eft30.lib(param.o)
                0x00008ea0                paramlib_close
                0x00008ecc                paramlib_open
 .text          0x00008f30       0x90 C:/Program Files/TeliumSDK/SDK 9.8.0/SDK/lib_gnu_434/eft30.lib(saisie.o)
                0x00008f30                saisielib_close
                0x00008f5c                saisielib_open
 .text          0x00008fc0       0x90 C:/Program Files/TeliumSDK/SDK 9.8.0/SDK/lib_gnu_434/eft30.lib(sv.o)
                0x00008fc0                svlib_close
                0x00008fec                svlib_open
 .text          0x00009050       0x90 C:/Program Files/TeliumSDK/SDK 9.8.0/SDK/lib_gnu_434/eft30.lib(libgr.o)
                0x00009050                libgrlib_close
                0x0000907c                libgrlib_open
 .text          0x000090e0       0x90 C:/Program Files/TeliumSDK/SDK 9.8.0/SDK/lib_gnu_434/eft30.lib(Tools.o)
                0x000090e0                toolslib_close
                0x0000910c                toolslib_open
 .text          0x00009170       0x70 C:/Program Files/TeliumSDK/SDK 9.8.0/SDK/lib_gnu_434/eft30.lib(gprs.o)
                0x00009170                gprslib_open
 .text          0x000091e0       0x90 C:/Program Files/TeliumSDK/SDK 9.8.0/SDK/lib_gnu_434/eft30.lib(hwcnf.o)
                0x000091e0                hwcnflib_close
                0x0000920c                hwcnflib_open
 .text          0x00009270       0x10 C:/Program Files/TeliumSDK/SDK 9.8.0/SDK/lib_gnu_434/trap.lib(trap_1302___STDOUT.o)
                0x00009270                __STDOUT
 .text          0x00009280       0x10 C:/Program Files/TeliumSDK/SDK 9.8.0/SDK/lib_gnu_434/trap.lib(trap_1313_fclose.o)
                0x00009280                fclose
 .text          0x00009290       0x10 C:/Program Files/TeliumSDK/SDK 9.8.0/SDK/lib_gnu_434/trap.lib(trap_1314_fopen.o)
                0x00009290                fopen
 .text          0x000092a0       0x10 C:/Program Files/TeliumSDK/SDK 9.8.0/SDK/lib_gnu_434/trap.lib(trap_1319_getc.o)
                0x000092a0                getc
 .text          0x000092b0       0x10 C:/Program Files/TeliumSDK/SDK 9.8.0/SDK/lib_gnu_434/trap.lib(trap_131B___STDIN.o)
                0x000092b0                __STDIN
 .text          0x000092c0       0x10 C:/Program Files/TeliumSDK/SDK 9.8.0/SDK/lib_gnu_434/trap.lib(trap_131E_status.o)
                0x000092c0                status
 .text          0x000092d0       0x10 C:/Program Files/TeliumSDK/SDK 9.8.0/SDK/lib_gnu_434/trap.lib(trap_1323__vfprintf.o)
                0x000092d0                _vfprintf
 .text          0x000092e0       0x10 C:/Program Files/TeliumSDK/SDK 9.8.0/SDK/lib_gnu_434/trap.lib(trap_1324_vsprintf.o)
                0x000092e0                vsprintf
 .text          0x000092f0       0x10 C:/Program Files/TeliumSDK/SDK 9.8.0/SDK/lib_gnu_434/trap.lib(trap_1328_putc.o)
                0x000092f0                putc
 .text          0x00009300       0x10 C:/Program Files/TeliumSDK/SDK 9.8.0/SDK/lib_gnu_434/trap.lib(trap_1329_ttestall.o)
                0x00009300                ttestall
 .text          0x00009310       0x10 C:/Program Files/TeliumSDK/SDK 9.8.0/SDK/lib_gnu_434/trap.lib(trap_132C_FormatOem.o)
                0x00009310                FormatOem
 .text          0x00009320       0x10 C:/Program Files/TeliumSDK/SDK 9.8.0/SDK/lib_gnu_434/trap.lib(trap_1348_ObjectGetInfo.o)
                0x00009320                ObjectGetInfo
 .text          0x00009330       0x10 C:/Program Files/TeliumSDK/SDK 9.8.0/SDK/lib_gnu_434/trap.lib(trap_1349_ObjectLoad.o)
                0x00009330                ObjectLoad
 .text          0x00009340       0x10 C:/Program Files/TeliumSDK/SDK 9.8.0/SDK/lib_gnu_434/trap.lib(trap_134B_FreeSpace.o)
                0x00009340                FreeSpace
 .text          0x00009350       0x10 C:/Program Files/TeliumSDK/SDK 9.8.0/SDK/lib_gnu_434/trap.lib(trap_134D_ServiceRegister.o)
                0x00009350                ServiceRegister
 .text          0x00009360       0x10 C:/Program Files/TeliumSDK/SDK 9.8.0/SDK/lib_gnu_434/trap.lib(trap_1350_DllLink.o)
                0x00009360                DllLink
 .text          0x00009370       0x10 C:/Program Files/TeliumSDK/SDK 9.8.0/SDK/lib_gnu_434/trap.lib(trap_1352_DllUnlink.o)
                0x00009370                DllUnlink
 .text          0x00009380       0x10 C:/Program Files/TeliumSDK/SDK 9.8.0/SDK/lib_gnu_434/trap.lib(trap_1356_stdperif.o)
                0x00009380                stdperif
 .text          0x00009390       0x10 C:/Program Files/TeliumSDK/SDK 9.8.0/SDK/lib_gnu_434/trap.lib(trap_1375_download.o)
                0x00009390                download
 .text          0x000093a0       0x10 C:/Program Files/TeliumSDK/SDK 9.8.0/SDK/lib_gnu_434/trap.lib(trap_1378_OEM_exit.o)
                0x000093a0                OEM_exit
 .text          0x000093b0       0x10 C:/Program Files/TeliumSDK/SDK 9.8.0/SDK/lib_gnu_434/trap.lib(trap_137B_is_iso2.o)
                0x000093b0                is_iso2
 .text          0x000093c0       0x10 C:/Program Files/TeliumSDK/SDK 9.8.0/SDK/lib_gnu_434/trap.lib(trap_1386_upload_diagnostic_txt.o)
                0x000093c0                upload_diagnostic_txt
 .text          0x000093d0       0x10 C:/Program Files/TeliumSDK/SDK 9.8.0/SDK/lib_gnu_434/trap.lib(trap_138B_FS_dskcreate.o)
                0x000093d0                FS_dskcreate
 .text          0x000093e0       0x10 C:/Program Files/TeliumSDK/SDK 9.8.0/SDK/lib_gnu_434/trap.lib(trap_138C_FS_dskkill.o)
                0x000093e0                FS_dskkill
 .text          0x000093f0       0x10 C:/Program Files/TeliumSDK/SDK 9.8.0/SDK/lib_gnu_434/trap.lib(trap_138D_FS_mount.o)
                0x000093f0                FS_mount
 .text          0x00009400       0x10 C:/Program Files/TeliumSDK/SDK 9.8.0/SDK/lib_gnu_434/trap.lib(trap_138E_FS_unmount.o)
                0x00009400                FS_unmount
 .text          0x00009410       0x10 C:/Program Files/TeliumSDK/SDK 9.8.0/SDK/lib_gnu_434/trap.lib(trap_1399_FS_unlink.o)
                0x00009410                FS_unlink
 .text          0x00009420       0x10 C:/Program Files/TeliumSDK/SDK 9.8.0/SDK/lib_gnu_434/trap.lib(trap_139B_FS_open.o)
                0x00009420                FS_open
 .text          0x00009430       0x10 C:/Program Files/TeliumSDK/SDK 9.8.0/SDK/lib_gnu_434/trap.lib(trap_139C_FS_close.o)
                0x00009430                FS_close
 .text          0x00009440       0x10 C:/Program Files/TeliumSDK/SDK 9.8.0/SDK/lib_gnu_434/trap.lib(trap_139D_FS_read.o)
                0x00009440                FS_read
 .text          0x00009450       0x10 C:/Program Files/TeliumSDK/SDK 9.8.0/SDK/lib_gnu_434/trap.lib(trap_139E_FS_write.o)
                0x00009450                FS_write
 .text          0x00009460       0x10 C:/Program Files/TeliumSDK/SDK 9.8.0/SDK/lib_gnu_434/trap.lib(trap_13A1_FS_length.o)
                0x00009460                FS_length
 .text          0x00009470       0x10 C:/Program Files/TeliumSDK/SDK 9.8.0/SDK/lib_gnu_434/trap.lib(trap_13AB_first_init.o)
                0x00009470                first_init
 .text          0x00009480       0x10 C:/Program Files/TeliumSDK/SDK 9.8.0/SDK/lib_gnu_434/trap.lib(trap_13AD_raz_init.o)
                0x00009480                raz_init
 .text          0x00009490       0x10 C:/Program Files/TeliumSDK/SDK 9.8.0/SDK/lib_gnu_434/trap.lib(trap_13B2_ApplicationGetCurrent.o)
                0x00009490                ApplicationGetCurrent
 .text          0x000094a0       0x10 C:/Program Files/TeliumSDK/SDK 9.8.0/SDK/lib_gnu_434/trap.lib(trap_13C2_InitGkDrv.o)
                0x000094a0                InitGkDrv
 .text          0x000094b0       0x10 C:/Program Files/TeliumSDK/SDK 9.8.0/SDK/lib_gnu_434/trap.lib(trap_13C4_SoftwareActivate.o)
                0x000094b0                SoftwareActivate
 .text          0x000094c0       0x10 C:/Program Files/TeliumSDK/SDK 9.8.0/SDK/lib_gnu_434/trap.lib(trap_13CE_closesocket.o)
                0x000094c0                closesocket
 .text          0x000094d0       0x10 C:/Program Files/TeliumSDK/SDK 9.8.0/SDK/lib_gnu_434/trap.lib(trap_13CF_connect.o)
                0x000094d0                connect
 .text          0x000094e0       0x10 C:/Program Files/TeliumSDK/SDK 9.8.0/SDK/lib_gnu_434/trap.lib(trap_13D7_socket.o)
                0x000094e0                socket
 .text          0x000094f0       0x10 C:/Program Files/TeliumSDK/SDK 9.8.0/SDK/lib_gnu_434/trap.lib(trap_1406_umalloc.o)
                0x000094f0                umalloc
 .text          0x00009500       0x10 C:/Program Files/TeliumSDK/SDK 9.8.0/SDK/lib_gnu_434/trap.lib(trap_1407_ufree.o)
                0x00009500                ufree
 .text          0x00009510       0x10 C:/Program Files/TeliumSDK/SDK 9.8.0/SDK/lib_gnu_434/trap.lib(trap_1414_fioctl.o)
                0x00009510                fioctl
 .text          0x00009520       0x10 C:/Program Files/TeliumSDK/SDK 9.8.0/SDK/lib_gnu_434/trap.lib(trap_142A_urealloc.o)
                0x00009520                urealloc
 .text          0x00009530       0x10 C:/Program Files/TeliumSDK/SDK 9.8.0/SDK/lib_gnu_434/trap.lib(trap_1432_SystemFioctl.o)
                0x00009530                SystemFioctl
 .text          0x00009540      0x78c C:/Program Files/TeliumSDK/SDK 9.8.0/SDK/lib_gnu_434/LinkLayerExeInterface.lib(LinkLayerServices.o)
                0x00009540                LL_GSM_Stop
                0x00009580                LL_GPRS_Stop
                0x000095c0                LL_Network_GetStatus
                0x00009610                LL_WaitEvent
                0x00009658                LL_GetStatus
                0x0000969c                LL_GetLastError
                0x000096e0                LL_ClearReceiveBuffer
                0x00009724                LL_ClearSendBuffer
                0x00009768                LL_Disconnect
                0x000097ac                LL_Connect
                0x000097f0                LL_GetHandle
                0x00009868                LL_GSM_Start
                0x000098dc                LL_GPRS_Connect
                0x00009974                LL_GPRS_Start
                0x00009a04                LL_Receive
                0x00009aa8                LL_Send
                0x00009b44                LL_GetInfo
                0x00009bf0                LL_Configure
 .text          0x00009ccc      0xa9c C:/Program Files/TeliumSDK/SDK 9.8.0/SDK/lib_gnu_434/FTP_.lib(FTP.o)
                0x00009ccc                InetATON
                0x00009dac                FTP_SetOption
                0x00009df0                FTPS_GetHandles
                0x00009e24                FTPES_SecureData
                0x00009e5c                FTPES_UnsecureData
                0x00009e94                FTPES_SecureCommand
                0x00009ee8                FTPES_UnsecureCommand
                0x0000a060                FTP_Append
                0x0000a0ac                FTP_AppendFile
                0x0000a0fc                FTP_Put
                0x0000a148                FTP_Get
                0x0000a194                FTP_GetListItem
                0x0000a1d8                FTP_CloseData
                0x0000a20c                FTP_GetFullList
                0x0000a258                FTP_GetList
                0x0000a2a4                FTP_PutData
                0x0000a2d8                FTP_GetData
                0x0000a30c                FTP_Alive
                0x0000a340                FTP_SetType
                0x0000a378                FTP_GetError
                0x0000a3ac                FTP_RemoveDir
                0x0000a3e0                FTP_MakeDir
                0x0000a414                FTP_RenameFile
                0x0000a448                FTP_RemoveFile
                0x0000a47c                FTP_PutFile
                0x0000a4cc                FTP_GetFile
                0x0000a550                FTP_GetCurrentDir
                0x0000a584                FTP_ChangeDir
                0x0000a5b8                FTP_Disconnect
                0x0000a5e8                FTP_Connect
                0x0000a6c0                FTPES_Connect
                0x0000a714                FTPS_Connect
 .text          0x0000a768      0xf0c C:/Program Files/TeliumSDK/SDK 9.8.0/SDK/lib_gnu_434/FTP_.lib(FTPC.o)
                0x0000a768                FtpcOpen
                0x0000a7c4                ngFtpcOpen
                0x0000a824                FtpcSSLGetHandles
                0x0000a87c                ngFtpcClose
                0x0000a8cc                ngFtpcCloseData
                0x0000a91c                ngFtpcChdir
                0x0000a970                ngFtpcUnlink
                0x0000a9c4                ngFtpcMkdir
                0x0000aa18                ngFtpcRmdir
                0x0000aa6c                ngFtpcGetcwd
                0x0000aac4                ngFtpcRename
                0x0000ab1c                ngFtpcList
                0x0000ab70                ngFtpcFullList
                0x0000abc4                ngFtpcGet
                0x0000ac18                ngFtpcPut
                0x0000ac6c                ngFtpcAppend
                0x0000acc0                ngFtpcListData
                0x0000ad0c                ngFtpcGetData
                0x0000ad64                ngFtpcPutData
                0x0000adbc                ngFtpcGetFile
                0x0000ae14                ngFtpcPutFile
                0x0000ae6c                ngFtpcAppendFile
                0x0000aec4                ngFtpcStatus
                0x0000af14                ngFtpcNoop
                0x0000af64                ngFtpcSyst
                0x0000afb0                ngFtpcType
                0x0000b008                ngFtpcProt
                0x0000b058                ngFtpcProt2
                0x0000b0b0                ngFtpcCcc
                0x0000b100                ngFtpcAuth
                0x0000b15c                ngFtpcPbsz
                0x0000b1ac                ngFtpcPasv
                0x0000b1fc                ngFtpcInit
                0x0000b250                ngFtpcPoll
                0x0000b2a0                ngFtpcAbort
                0x0000b2f0                FTP_FsActivate
                0x0000b348                FTP_FsInit
                0x0000b390                FtpcOpen2
                0x0000b438                FtpcOpenExplicitSSL
                0x0000b4b4                FtpcOpenSSL
                0x0000b530                ssllib_close_for_ftps
                0x0000b55c                ftpclib_close
                0x0000b588                ssllib_open_for_ftps
                0x0000b600                ftpclib_open
 .text          0x0000b674      0x678 C:/Program Files/TeliumSDK/SDK 9.8.0/SDK/lib_gnu_434/IP_.lib(IP.o)
                0x0000b674                __inet_aton
                0x0000b774                __DeleteRoute
                0x0000b79c                __AddRoute
                0x0000b7c4                __SetDefaultRoute
                0x0000b7ec                __GetDefaultRoute
                0x0000b818                GetErrno
                0x0000b840                gethostbyname_r
                0x0000b870                gethostbyaddr_r
                0x0000b8ac                setsockopt
                0x0000b8dc                sendto
                0x0000b910                selectsocket
                0x0000b940                recvfrom
                0x0000b974                __Ping
                0x0000bb34                getsockopt
                0x0000bb64                fcntlsocket
                0x0000bb98                ResolverSetOption
                0x0000bbc0                ResolverGetOption
                0x0000bbe8                EthernetSetOption
                0x0000bc18                EthernetGetOption
                0x0000bc48                __inet_ntoa
                0x0000bc9c                __inet_addr
                0x0000bcc4                SetErrno
 .text          0x0000bcec      0x13c C:/Program Files/TeliumSDK/SDK 9.8.0/SDK/lib_gnu_434/IP_.lib(DNS.o)
                0x0000bcec                DNS_GetDomainName
                0x0000bd88                DNS_GetIpAddress
 .text          0x0000be28      0xcdc C:/Program Files/TeliumSDK/SDK 9.8.0/SDK/lib_gnu_434/IP_.lib(DefaultOptions.o)
                0x0000be28                __SaveDefaultOptions
                0x0000be9c                __GetDefaultOption
                0x0000c29c                __SetDefaultOption
                0x0000ca04                __UnloadDefaultOptions
                0x0000ca70                __LoadDefaultOptions
 .text          0x0000cb04     0x16a4 C:/Program Files/TeliumSDK/SDK 9.8.0/SDK/lib_gnu_434/IP_.lib(EthernetConfig.o)
                0x0000d21c                _CheckBT_KnownBases
                0x0000d3ac                EthernetGetBluetoothBaseStatus
                0x0000d454                ethernet_conf_save
                0x0000d5ac                __CheckBT_IsBaseAvailable
                0x0000d724                ethernet_conf_free
                0x0000df3c                ethernet_conf_load
                0x0000dff8                ethernet_conf_init
 .text          0x0000e1a8      0x2d8 C:/Program Files/TeliumSDK/SDK 9.8.0/SDK/lib_gnu_434/IP_.lib(WifiConfig.o)
                0x0000e1a8                wifi_conf_init
                0x0000e23c                wifi_conf_free
                0x0000e25c                wifi_conf_save
                0x0000e344                wifi_conf_load
 .text          0x0000e480       0xc0 C:/Program Files/TeliumSDK/SDK 9.8.0/SDK/lib_gnu_434/libcpatch.o
                0x0000e480                _calloc_r
                0x0000e4d0                _free_r
                0x0000e4ec                _malloc_r
                0x0000e514                _realloc_r
 .text          0x0000e540       0x84 C:/Program Files/TeliumSDK/SDK 9.8.0/SDK/lib_gnu_434/eft30.lib(extens280.o)
                0x0000e540                USR_ServiceCall
 .text          0x0000e5c4       0x10 C:/Program Files/TeliumSDK/SDK 9.8.0/SDK/lib_gnu_434/trap.lib(trap_13D8_inet_addr.o)
                0x0000e5c4                inet_addr
 .text          0x0000e5d4       0x10 C:/Program Files/TeliumSDK/SDK 9.8.0/SDK/lib_gnu_434/trap.lib(trap_13DC_PppSetOption.o)
                0x0000e5d4                PppSetOption
 .text          0x0000e5e4       0x10 C:/Program Files/TeliumSDK/SDK 9.8.0/SDK/lib_gnu_434/trap.lib(trap_13E1_fcntlsocketSWI.o)
                0x0000e5e4                fcntlsocketSWI
 .text          0x0000e5f4       0x10 C:/Program Files/TeliumSDK/SDK 9.8.0/SDK/lib_gnu_434/trap.lib(trap_13E2_getsockoptSWI.o)
                0x0000e5f4                getsockoptSWI
 .text          0x0000e604       0x10 C:/Program Files/TeliumSDK/SDK 9.8.0/SDK/lib_gnu_434/trap.lib(trap_13E3_recvfromSWI.o)
                0x0000e604                recvfromSWI
 .text          0x0000e614       0x10 C:/Program Files/TeliumSDK/SDK 9.8.0/SDK/lib_gnu_434/trap.lib(trap_13E4_selectsocketSWI.o)
                0x0000e614                selectsocketSWI
 .text          0x0000e624       0x10 C:/Program Files/TeliumSDK/SDK 9.8.0/SDK/lib_gnu_434/trap.lib(trap_13E5_sendtoSWI.o)
                0x0000e624                sendtoSWI
 .text          0x0000e634       0x10 C:/Program Files/TeliumSDK/SDK 9.8.0/SDK/lib_gnu_434/trap.lib(trap_13E6_setsockoptSWI.o)
                0x0000e634                setsockoptSWI
 .text          0x0000e644       0x10 C:/Program Files/TeliumSDK/SDK 9.8.0/SDK/lib_gnu_434/trap.lib(trap_13E7_ngOSGetErrno.o)
                0x0000e644                ngOSGetErrno
 .text          0x0000e654       0x10 C:/Program Files/TeliumSDK/SDK 9.8.0/SDK/lib_gnu_434/trap.lib(trap_13E8_ngOSSetErrno.o)
                0x0000e654                ngOSSetErrno
 .text          0x0000e664       0x10 C:/Program Files/TeliumSDK/SDK 9.8.0/SDK/lib_gnu_434/trap.lib(trap_13E9_ngResolvSetOption.o)
                0x0000e664                ngResolvSetOption
 .text          0x0000e674       0x10 C:/Program Files/TeliumSDK/SDK 9.8.0/SDK/lib_gnu_434/trap.lib(trap_13EA_ngResolvGetOption.o)
                0x0000e674                ngResolvGetOption
 .text          0x0000e684       0x10 C:/Program Files/TeliumSDK/SDK 9.8.0/SDK/lib_gnu_434/trap.lib(trap_13ED_gethostbyaddr_rSWI.o)
                0x0000e684                gethostbyaddr_rSWI
 .text          0x0000e694       0x10 C:/Program Files/TeliumSDK/SDK 9.8.0/SDK/lib_gnu_434/trap.lib(trap_13EE_gethostbyname_rSWI.o)
                0x0000e694                gethostbyname_rSWI
 .text          0x0000e6a4       0x10 C:/Program Files/TeliumSDK/SDK 9.8.0/SDK/lib_gnu_434/trap.lib(trap_141D_ngRouteAdd.o)
                0x0000e6a4                ngRouteAdd
 .text          0x0000e6b4       0x10 C:/Program Files/TeliumSDK/SDK 9.8.0/SDK/lib_gnu_434/trap.lib(trap_141E_ngRouteDelete.o)
                0x0000e6b4                ngRouteDelete
 .text          0x0000e6c4       0x10 C:/Program Files/TeliumSDK/SDK 9.8.0/SDK/lib_gnu_434/trap.lib(trap_141F_ngRouteDefault.o)
                0x0000e6c4                ngRouteDefault
 .text          0x0000e6d4       0x10 C:/Program Files/TeliumSDK/SDK 9.8.0/SDK/lib_gnu_434/trap.lib(trap_1426_get_tick_counter.o)
                0x0000e6d4                get_tick_counter
 .text          0x0000e6e4       0x10 C:/Program Files/TeliumSDK/SDK 9.8.0/SDK/lib_gnu_434/trap.lib(trap_142B_EthIfControl.o)
                0x0000e6e4                EthIfControl
 .text          0x0000e6f4      0x3bc C:/Program Files/TeliumSDK/SDK 9.8.0/SDK/lib_gnu_434/AVL.lib(Proxy.o)
                0x0000e6f4                TlvTree_Copy
                0x0000e71c                TlvTree_SetTag
                0x0000e744                TlvTree_SetDataInteger
                0x0000e77c                TlvTree_SetData
                0x0000e7a4                TlvTree_SetDataString
                0x0000e7dc                TlvTree_GetData
                0x0000e804                TlvTree_GetLength
                0x0000e82c                TlvTree_GetTag
                0x0000e854                TlvTree_GetNext
                0x0000e87c                TlvTree_GetParent
                0x0000e8a4                TlvTree_GetFirstChild
                0x0000e8cc                TlvTree_Iterate
                0x0000e8fc                TlvTree_Find
                0x0000e924                TlvTree_Unserialize
                0x0000e94c                TlvTree_GetSerializationSize
                0x0000e974                TlvTree_Serialize
                0x0000e99c                TlvTree_Release
                0x0000e9c4                TlvTree_Graft
                0x0000e9ec                TlvTree_AddChildString
                0x0000ea28                TlvTree_AddChildInteger
                0x0000ea60                TlvTree_AddChild
                0x0000ea88                TlvTree_New
 .text          0x0000eab0       0xec C:/Program Files/TeliumSDK/SDK 9.8.0/SDK/lib_gnu_434/AVL.lib(Serializer.o)
                0x0000eab0                __TlvTree_GetSerializationSize
                0x0000eaec                __TlvTree_Unserialize
                0x0000eb54                __TlvTree_Serialize
 .text          0x0000eb9c      0x38c C:/Program Files/TeliumSDK/SDK 9.8.0/SDK/lib_gnu_434/AVL.lib(Serializer_Default.o)
                0x0000ec7c                __TlvTree_Unserialize_Default
                0x0000eda4                __TlvTree_GetSerializationSize_Default
                0x0000ee00                __TlvTree_Serialize_Default
 .text          0x0000ef28      0x8bc C:/Program Files/TeliumSDK/SDK 9.8.0/SDK/lib_gnu_434/AVL.lib(Serializer_Xml.o)
                0x0000efb4                __TlvTree_Unserialize_Xml
                0x0000f430                __TlvTree_GetSerializationSize_Xml
                0x0000f4d4                __TlvTree_Serialize_Xml
 .text          0x0000f7e4      0x1d8 C:/Program Files/TeliumSDK/SDK 9.8.0/SDK/lib_gnu_434/AVL.lib(XMLs_ProcessData.o)
                0x0000f7e4                XMLs_ProcessData
 .text          0x0000f9bc      0x194 C:/Program Files/TeliumSDK/SDK 9.8.0/SDK/lib_gnu_434/AVL.lib(XMLs_Common.o)
                0x0000f9bc                XMLs_CheckHandle
                0x0000f9f0                XMLs_Abort
                0x0000fa38                XMLs_GetParsingState
                0x0000fa94                XMLs_SetUserData
                0x0000fadc                XMLs_GetUserData
                0x0000fb20                XMLstr_Set
 .text          0x0000fb50      0x110 C:/Program Files/TeliumSDK/SDK 9.8.0/SDK/lib_gnu_434/AVL.lib(XMLs_Deprecated.o)
                0x0000fb50                XMLs_Parse
                0x0000fbcc                XMLs_ParserClose
                0x0000fc14                XMLs_ParserOpen
 .text          0x0000fc60      0x7f0 C:/Program Files/TeliumSDK/SDK 9.8.0/SDK/lib_gnu_434/AVL.lib(XMLs_Parser_Deprecated.o)
                0x0000fe30                XMLgr_Document_Deprecated
 .text          0x00010450      0x510 C:/Program Files/TeliumSDK/SDK 9.8.0/SDK/lib_gnu_434/AVL.lib(Internal.o)
                0x00010450                __TlvTree_SetTag
                0x00010474                __TlvTree_Graft
                0x000104d8                __TlvTree_GetFirstChild
                0x000104fc                __TlvTree_GetParent
                0x00010520                __TlvTree_GetNext
                0x00010544                __TlvTree_GetTag
                0x00010568                __TlvTree_GetLength
                0x00010598                __TlvTree_GetData
                0x000105bc                __TlvTree_RemoveChild
                0x00010620                __TlvTree_GetNextNode
                0x000106b8                __TlvTree_Find
                0x00010714                __TlvTree_DeleteNode
                0x0001075c                __TlvTree_Release
                0x000107ac                __TlvTree_NewNode
                0x000107f0                __TlvTree_New
                0x0001081c                __TlvTree_SetData
                0x0001088c                __TlvTree_AddChild
                0x000108dc                __TlvTree_Copy
 .text          0x00010960      0x2d0 C:/Program Files/TeliumSDK/SDK 9.8.0/SDK/lib_gnu_434/dll_wifi.lib(wifi.o)
                0x00010960                wifilib_close
                0x00010970                wifilib_open
 .text          0x00010c30       0x3c C:/Program Files/TeliumSDK/SDK 9.8.0/SDK/lib_gnu_434/dll_wifi.lib(wifi1.o)
                0x00010c30                Wifi_IsDevicePresent
                0x00010c4c                lib_trace_string
 .text          0x00010c6c       0x20 C:/Program Files/TeliumSDK/SDK 9.8.0/SDK/lib_gnu_434/dll_wifi.lib(wifi2.o)
                0x00010c6c                Wifi_IsConnected
 .text          0x00010c8c       0x1c C:/Program Files/TeliumSDK/SDK 9.8.0/SDK/lib_gnu_434/dll_wifi.lib(wifi3.o)
                0x00010c8c                Wifi_Essid
 .text          0x00010ca8       0x1c C:/Program Files/TeliumSDK/SDK 9.8.0/SDK/lib_gnu_434/dll_wifi.lib(wifi4.o)
                0x00010ca8                Wifi_Bssid
 .text          0x00010cc4       0x20 C:/Program Files/TeliumSDK/SDK 9.8.0/SDK/lib_gnu_434/dll_wifi.lib(wifi5.o)
                0x00010cc4                Wifi_RSSI
 .text          0x00010ce4       0x20 C:/Program Files/TeliumSDK/SDK 9.8.0/SDK/lib_gnu_434/dll_wifi.lib(wifi6.o)
                0x00010ce4                Wifi_SignalIndication
 .text          0x00010d04       0x1c C:/Program Files/TeliumSDK/SDK 9.8.0/SDK/lib_gnu_434/dll_wifi.lib(wifi7.o)
                0x00010d04                Wifi_GetMacAddress
 .text          0x00010d20       0x1c C:/Program Files/TeliumSDK/SDK 9.8.0/SDK/lib_gnu_434/dll_wifi.lib(wifi8.o)
                0x00010d20                Wifi_GetIpAddress
 .text          0x00010d3c       0x1c C:/Program Files/TeliumSDK/SDK 9.8.0/SDK/lib_gnu_434/dll_wifi.lib(wifi9.o)
                0x00010d3c                Wifi_GetNetmask
 .text          0x00010d58       0x1c C:/Program Files/TeliumSDK/SDK 9.8.0/SDK/lib_gnu_434/dll_wifi.lib(wifi10.o)
                0x00010d58                Wifi_GetDNS1
 .text          0x00010d74       0x1c C:/Program Files/TeliumSDK/SDK 9.8.0/SDK/lib_gnu_434/dll_wifi.lib(wifi11.o)
                0x00010d74                Wifi_GetDNS2
 .text          0x00010d90       0x20 C:/Program Files/TeliumSDK/SDK 9.8.0/SDK/lib_gnu_434/dll_wifi.lib(wifi12.o)
                0x00010d90                Wifi_GetBootproto
 .text          0x00010db0       0x20 C:/Program Files/TeliumSDK/SDK 9.8.0/SDK/lib_gnu_434/dll_wifi.lib(wifi13.o)
                0x00010db0                Wifi_GetDHCPGateway
 .text          0x00010dd0       0x20 C:/Program Files/TeliumSDK/SDK 9.8.0/SDK/lib_gnu_434/dll_wifi.lib(wifi14.o)
                0x00010dd0                Wifi_GetDHCPDNS
 .text          0x00010df0       0x30 C:/Program Files/TeliumSDK/SDK 9.8.0/SDK/lib_gnu_434/dll_wifi.lib(wifi15.o)
                0x00010df0                Wifi_ProfileAdd
 .text          0x00010e20       0x1c C:/Program Files/TeliumSDK/SDK 9.8.0/SDK/lib_gnu_434/dll_wifi.lib(wifi16.o)
                0x00010e20                Wifi_ProfileSetActive
 .text          0x00010e3c       0x30 C:/Program Files/TeliumSDK/SDK 9.8.0/SDK/lib_gnu_434/dll_wifi.lib(wifi17.o)
                0x00010e3c                Wifi_ProfileModify
 .text          0x00010e6c       0x1c C:/Program Files/TeliumSDK/SDK 9.8.0/SDK/lib_gnu_434/dll_wifi.lib(wifi18.o)
                0x00010e6c                Wifi_ProfileRemove
 .text          0x00010e88       0x20 C:/Program Files/TeliumSDK/SDK 9.8.0/SDK/lib_gnu_434/dll_wifi.lib(wifi19.o)
                0x00010e88                Wifi_AccessPointScan
 .text          0x00010ea8       0x1c C:/Program Files/TeliumSDK/SDK 9.8.0/SDK/lib_gnu_434/dll_wifi.lib(wifi20.o)
                0x00010ea8                Wifi_AccessPointList
 .text          0x00010ec4       0x1c C:/Program Files/TeliumSDK/SDK 9.8.0/SDK/lib_gnu_434/dll_wifi.lib(wifi21.o)
                0x00010ec4                Wifi_ProfileGetList
 .text          0x00010ee0       0x20 C:/Program Files/TeliumSDK/SDK 9.8.0/SDK/lib_gnu_434/dll_wifi.lib(wifi22.o)
                0x00010ee0                Wifi_GetKeepAlive
 .text          0x00010f00       0x1c C:/Program Files/TeliumSDK/SDK 9.8.0/SDK/lib_gnu_434/dll_wifi.lib(wifi23.o)
                0x00010f00                Wifi_SetKeepAlive
 .text          0x00010f1c       0x20 C:/Program Files/TeliumSDK/SDK 9.8.0/SDK/lib_gnu_434/dll_wifi.lib(wifi24.o)
                0x00010f1c                Wifi_GetScanResults
 .text          0x00010f3c       0x1c C:/Program Files/TeliumSDK/SDK 9.8.0/SDK/lib_gnu_434/dll_wifi.lib(wifi25.o)
                0x00010f3c                Wifi_SetIpAddress
 .text          0x00010f58       0x1c C:/Program Files/TeliumSDK/SDK 9.8.0/SDK/lib_gnu_434/dll_wifi.lib(wifi26.o)
                0x00010f58                Wifi_SetNetmask
 .text          0x00010f74       0x1c C:/Program Files/TeliumSDK/SDK 9.8.0/SDK/lib_gnu_434/dll_wifi.lib(wifi27.o)
                0x00010f74                Wifi_SetDNS1
 .text          0x00010f90       0x1c C:/Program Files/TeliumSDK/SDK 9.8.0/SDK/lib_gnu_434/dll_wifi.lib(wifi28.o)
                0x00010f90                Wifi_SetDNS2
 .text          0x00010fac       0x1c C:/Program Files/TeliumSDK/SDK 9.8.0/SDK/lib_gnu_434/dll_wifi.lib(wifi29.o)
                0x00010fac                Wifi_SetBootproto
 .text          0x00010fc8       0x1c C:/Program Files/TeliumSDK/SDK 9.8.0/SDK/lib_gnu_434/dll_wifi.lib(wifi30.o)
                0x00010fc8                Wifi_SetDHCPGateway
 .text          0x00010fe4       0x1c C:/Program Files/TeliumSDK/SDK 9.8.0/SDK/lib_gnu_434/dll_wifi.lib(wifi31.o)
                0x00010fe4                Wifi_SetDHCPDNS
 .text          0x00011000       0x1c C:/Program Files/TeliumSDK/SDK 9.8.0/SDK/lib_gnu_434/dll_wifi.lib(wifi32.o)
                0x00011000                Wifi_GetGateway
 .text          0x0001101c       0x1c C:/Program Files/TeliumSDK/SDK 9.8.0/SDK/lib_gnu_434/dll_wifi.lib(wifi33.o)
                0x0001101c                Wifi_SetGateway
 .text          0x00011038       0x20 C:/Program Files/TeliumSDK/SDK 9.8.0/SDK/lib_gnu_434/dll_wifi.lib(wifi34.o)
                0x00011038                Wifi_GetRoamingPolicy
 .text          0x00011058       0x1c C:/Program Files/TeliumSDK/SDK 9.8.0/SDK/lib_gnu_434/dll_wifi.lib(wifi35.o)
                0x00011058                Wifi_SeRoamingPolicy
 .text          0x00011074       0x10 C:/Program Files/TeliumSDK/SDK 9.8.0/SDK/lib_gnu_434/trap.lib(trap_13C1_trace.o)
                0x00011074                trace
 .text          0x00011084       0x28 C:/Program Files/Ingenico/IngeDev_7/plugins/com.ingenico.ingedev.telium.bin.win32.gnuarm.v434_7.16.0.6/os/win32/GNUARM/4.3.4/arm-elf/lib/thumb/soft/interwork/libc.a(lib_a-memcmp.o)
                0x00011084                memcmp
 .text          0x000110ac       0x1c C:/Program Files/Ingenico/IngeDev_7/plugins/com.ingenico.ingedev.telium.bin.win32.gnuarm.v434_7.16.0.6/os/win32/GNUARM/4.3.4/arm-elf/lib/thumb/soft/interwork/libc.a(lib_a-memcpy.o)
                0x000110ac                memcpy
 .text          0x000110c8       0x3c C:/Program Files/Ingenico/IngeDev_7/plugins/com.ingenico.ingedev.telium.bin.win32.gnuarm.v434_7.16.0.6/os/win32/GNUARM/4.3.4/arm-elf/lib/thumb/soft/interwork/libc.a(lib_a-memmove.o)
                0x000110c8                memmove
 .text          0x00011104       0x10 C:/Program Files/Ingenico/IngeDev_7/plugins/com.ingenico.ingedev.telium.bin.win32.gnuarm.v434_7.16.0.6/os/win32/GNUARM/4.3.4/arm-elf/lib/thumb/soft/interwork/libc.a(lib_a-memset.o)
                0x00011104                memset
 .text          0x00011114       0xc4 C:/Program Files/Ingenico/IngeDev_7/plugins/com.ingenico.ingedev.telium.bin.win32.gnuarm.v434_7.16.0.6/os/win32/GNUARM/4.3.4/arm-elf/lib/thumb/soft/interwork/libc.a(lib_a-snprintf.o)
                0x00011114                snprintf
                0x00011178                _snprintf_r
 .text          0x000111d8       0x24 C:/Program Files/Ingenico/IngeDev_7/plugins/com.ingenico.ingedev.telium.bin.win32.gnuarm.v434_7.16.0.6/os/win32/GNUARM/4.3.4/arm-elf/lib/thumb/soft/interwork/libc.a(lib_a-strcat.o)
                0x000111d8                strcat
 .text          0x000111fc       0x1c C:/Program Files/Ingenico/IngeDev_7/plugins/com.ingenico.ingedev.telium.bin.win32.gnuarm.v434_7.16.0.6/os/win32/GNUARM/4.3.4/arm-elf/lib/thumb/soft/interwork/libc.a(lib_a-strchr.o)
                0x000111fc                strchr
 .text          0x00011218       0x14 C:/Program Files/Ingenico/IngeDev_7/plugins/com.ingenico.ingedev.telium.bin.win32.gnuarm.v434_7.16.0.6/os/win32/GNUARM/4.3.4/arm-elf/lib/thumb/soft/interwork/libc.a(lib_a-strcmp.o)
                0x00011218                strcmp
 .text          0x0001122c       0x10 C:/Program Files/Ingenico/IngeDev_7/plugins/com.ingenico.ingedev.telium.bin.win32.gnuarm.v434_7.16.0.6/os/win32/GNUARM/4.3.4/arm-elf/lib/thumb/soft/interwork/libc.a(lib_a-strcpy.o)
                0x0001122c                strcpy
 .text          0x0001123c       0x10 C:/Program Files/Ingenico/IngeDev_7/plugins/com.ingenico.ingedev.telium.bin.win32.gnuarm.v434_7.16.0.6/os/win32/GNUARM/4.3.4/arm-elf/lib/thumb/soft/interwork/libc.a(lib_a-strlen.o)
                0x0001123c                strlen
 .text          0x0001124c       0x38 C:/Program Files/Ingenico/IngeDev_7/plugins/com.ingenico.ingedev.telium.bin.win32.gnuarm.v434_7.16.0.6/os/win32/GNUARM/4.3.4/arm-elf/lib/thumb/soft/interwork/libc.a(lib_a-strncat.o)
                0x0001124c                strncat
 .text          0x00011284       0x34 C:/Program Files/Ingenico/IngeDev_7/plugins/com.ingenico.ingedev.telium.bin.win32.gnuarm.v434_7.16.0.6/os/win32/GNUARM/4.3.4/arm-elf/lib/thumb/soft/interwork/libc.a(lib_a-strncpy.o)
                0x00011284                strncpy
 .text          0x000112b8       0x34 C:/Program Files/Ingenico/IngeDev_7/plugins/com.ingenico.ingedev.telium.bin.win32.gnuarm.v434_7.16.0.6/os/win32/GNUARM/4.3.4/arm-elf/lib/thumb/soft/interwork/libc.a(lib_a-strstr.o)
                0x000112b8                strstr
 .text          0x000112ec       0x18 C:/Program Files/Ingenico/IngeDev_7/plugins/com.ingenico.ingedev.telium.bin.win32.gnuarm.v434_7.16.0.6/os/win32/GNUARM/4.3.4/arm-elf/lib/thumb/soft/interwork/libc.a(lib_a-strtok.o)
                0x000112ec                strtok
 .text          0x00011304       0x78 C:/Program Files/Ingenico/IngeDev_7/plugins/com.ingenico.ingedev.telium.bin.win32.gnuarm.v434_7.16.0.6/os/win32/GNUARM/4.3.4/arm-elf/lib/thumb/soft/interwork/libc.a(lib_a-strtok_r.o)
                0x00011304                __strtok_r
                0x00011370                strtok_r
 .text          0x0001137c      0x128 C:/Program Files/Ingenico/IngeDev_7/plugins/com.ingenico.ingedev.telium.bin.win32.gnuarm.v434_7.16.0.6/os/win32/GNUARM/4.3.4/arm-elf/lib/thumb/soft/interwork/libc.a(lib_a-strtoul.o)
                0x0001137c                _strtoul_r
                0x00011484                strtoul
 .text          0x000114a4      0xf14 C:/Program Files/Ingenico/IngeDev_7/plugins/com.ingenico.ingedev.telium.bin.win32.gnuarm.v434_7.16.0.6/os/win32/GNUARM/4.3.4/arm-elf/lib/thumb/soft/interwork/libc.a(lib_a-svfprintf.o)
                0x000114a4                _svfprintf_r
 .text          0x000123b8        0x0 C:/Program Files/Ingenico/IngeDev_7/plugins/com.ingenico.ingedev.telium.bin.win32.gnuarm.v434_7.16.0.6/os/win32/GNUARM/4.3.4/arm-elf/lib/thumb/soft/interwork/libc.a(lib_a-ctype_.o)
 .text          0x000123b8      0xd4c C:/Program Files/Ingenico/IngeDev_7/plugins/com.ingenico.ingedev.telium.bin.win32.gnuarm.v434_7.16.0.6/os/win32/GNUARM/4.3.4/arm-elf/lib/thumb/soft/interwork/libc.a(lib_a-dtoa.o)
                0x000124f8                _dtoa_r
 .text          0x00013104        0x0 C:/Program Files/Ingenico/IngeDev_7/plugins/com.ingenico.ingedev.telium.bin.win32.gnuarm.v434_7.16.0.6/os/win32/GNUARM/4.3.4/arm-elf/lib/thumb/soft/interwork/libc.a(lib_a-impure.o)
 .text          0x00013104       0x84 C:/Program Files/Ingenico/IngeDev_7/plugins/com.ingenico.ingedev.telium.bin.win32.gnuarm.v434_7.16.0.6/os/win32/GNUARM/4.3.4/arm-elf/lib/thumb/soft/interwork/libc.a(lib_a-locale.o)
                0x00013104                __locale_charset
                0x0001310c                __locale_msgcharset
                0x00013114                __locale_cjk_lang
                0x00013118                _localeconv_r
                0x00013120                localeconv
                0x00013128                _setlocale_r
                0x0001316c                setlocale
 .text          0x00013188       0x18 C:/Program Files/Ingenico/IngeDev_7/plugins/com.ingenico.ingedev.telium.bin.win32.gnuarm.v434_7.16.0.6/os/win32/GNUARM/4.3.4/arm-elf/lib/thumb/soft/interwork/libc.a(lib_a-memchr.o)
                0x00013188                memchr
 .text          0x000131a0      0x8e8 C:/Program Files/Ingenico/IngeDev_7/plugins/com.ingenico.ingedev.telium.bin.win32.gnuarm.v434_7.16.0.6/os/win32/GNUARM/4.3.4/arm-elf/lib/thumb/soft/interwork/libc.a(lib_a-mprec.o)
                0x000131a0                _Bfree
                0x000131b8                __hi0bits
                0x00013200                __lo0bits
                0x00013264                __mcmp
                0x000132a4                __ulp
                0x000132ec                __b2d
                0x000133a8                __ratio
                0x000133fc                _mprec_log10
                0x0001343c                __copybits
                0x00013470                __any_on
                0x000134c0                _Balloc
                0x00013514                __d2b
                0x000135dc                __mdiff
                0x000136f0                __lshift
                0x00013788                __multiply
                0x000138c4                __i2b
                0x000138dc                __multadd
                0x00013968                __pow5mult
                0x00013a04                __s2b
 .text          0x00013a88       0x7c C:/Program Files/Ingenico/IngeDev_7/plugins/com.ingenico.ingedev.telium.bin.win32.gnuarm.v434_7.16.0.6/os/win32/GNUARM/4.3.4/arm-elf/lib/thumb/soft/interwork/libc.a(lib_a-s_fpclassify.o)
                0x00013a88                __fpclassifyd
 .text          0x00013b04      0x8fc C:/Program Files/Ingenico/IngeDev_7/plugins/com.ingenico.ingedev.telium.bin.win32.gnuarm.v434_7.16.0.6/os/win32/GNUARM/4.3.4/arm-elf/lib/thumb/soft/interwork/libc.a(lib_a-svfiprintf.o)
                0x00013b04                __ssprint_r
                0x00013c18                _svfiprintf_r
 .text          0x00014400       0x8c C:/Program Files/Ingenico/IngeDev_7/plugins/com.ingenico.ingedev.telium.bin.win32.gnuarm.v434_7.16.0.6/os/win32/GNUARM/4.3.4/lib/gcc/arm-elf/4.3.4/thumb/soft/interwork/libgcc.a(_udivsi3.o)
                0x00014400                __udivsi3
                0x00014400                __aeabi_uidiv
                0x0001447c                __aeabi_uidivmod
 .text          0x0001448c       0xa4 C:/Program Files/Ingenico/IngeDev_7/plugins/com.ingenico.ingedev.telium.bin.win32.gnuarm.v434_7.16.0.6/os/win32/GNUARM/4.3.4/lib/gcc/arm-elf/4.3.4/thumb/soft/interwork/libgcc.a(_divsi3.o)
                0x0001448c                __aeabi_idiv
                0x0001448c                __divsi3
                0x00014520                __aeabi_idivmod
 .text          0x00014530       0xc8 C:/Program Files/Ingenico/IngeDev_7/plugins/com.ingenico.ingedev.telium.bin.win32.gnuarm.v434_7.16.0.6/os/win32/GNUARM/4.3.4/lib/gcc/arm-elf/4.3.4/thumb/soft/interwork/libgcc.a(_umodsi3.o)
                0x00014530                __umodsi3
 .text          0x000145f8       0xd8 C:/Program Files/Ingenico/IngeDev_7/plugins/com.ingenico.ingedev.telium.bin.win32.gnuarm.v434_7.16.0.6/os/win32/GNUARM/4.3.4/lib/gcc/arm-elf/4.3.4/thumb/soft/interwork/libgcc.a(_modsi3.o)
                0x000145f8                __modsi3
 .text          0x000146d0        0x4 C:/Program Files/Ingenico/IngeDev_7/plugins/com.ingenico.ingedev.telium.bin.win32.gnuarm.v434_7.16.0.6/os/win32/GNUARM/4.3.4/lib/gcc/arm-elf/4.3.4/thumb/soft/interwork/libgcc.a(_dvmd_tls.o)
                0x000146d0                __aeabi_ldiv0
                0x000146d0                __div0
                0x000146d0                __aeabi_idiv0
 .text          0x000146d4      0x430 C:/Program Files/Ingenico/IngeDev_7/plugins/com.ingenico.ingedev.telium.bin.win32.gnuarm.v434_7.16.0.6/os/win32/GNUARM/4.3.4/lib/gcc/arm-elf/4.3.4/thumb/soft/interwork/libgcc.a(_addsubdf3.o)
                0x000146d4                __aeabi_drsub
                0x000146dc                __subdf3
                0x000146dc                __aeabi_dsub
                0x000146e0                __aeabi_dadd
                0x000146e0                __adddf3
                0x000149f0                __aeabi_ui2d
                0x000149f0                __floatunsidf
                0x00014a18                __floatsidf
                0x00014a18                __aeabi_i2d
                0x00014a44                __extendsfdf2
                0x00014a44                __aeabi_f2d
                0x00014a84                __aeabi_ul2d
                0x00014a84                __floatundidf
                0x00014a98                __aeabi_l2d
                0x00014a98                __floatdidf
 .text          0x00014b04      0x49c C:/Program Files/Ingenico/IngeDev_7/plugins/com.ingenico.ingedev.telium.bin.win32.gnuarm.v434_7.16.0.6/os/win32/GNUARM/4.3.4/lib/gcc/arm-elf/4.3.4/thumb/soft/interwork/libgcc.a(_muldivdf3.o)
                0x00014b04                __aeabi_dmul
                0x00014b04                __muldf3
                0x00014d94                __aeabi_ddiv
                0x00014d94                __divdf3
 .text          0x00014fa0      0x140 C:/Program Files/Ingenico/IngeDev_7/plugins/com.ingenico.ingedev.telium.bin.win32.gnuarm.v434_7.16.0.6/os/win32/GNUARM/4.3.4/lib/gcc/arm-elf/4.3.4/thumb/soft/interwork/libgcc.a(_cmpdf2.o)
                0x00014fa0                __gtdf2
                0x00014fa0                __gedf2
                0x00014fa8                __ltdf2
                0x00014fa8                __ledf2
                0x00014fb0                __eqdf2
                0x00014fb0                __nedf2
                0x00014fb0                __cmpdf2
                0x00015034                __aeabi_cdrcmple
                0x00015050                __aeabi_cdcmple
                0x00015050                __aeabi_cdcmpeq
                0x00015068                __aeabi_dcmpeq
                0x00015080                __aeabi_dcmplt
                0x00015098                __aeabi_dcmple
                0x000150b0                __aeabi_dcmpge
                0x000150c8                __aeabi_dcmpgt
 .text          0x000150e0       0x5c C:/Program Files/Ingenico/IngeDev_7/plugins/com.ingenico.ingedev.telium.bin.win32.gnuarm.v434_7.16.0.6/os/win32/GNUARM/4.3.4/lib/gcc/arm-elf/4.3.4/thumb/soft/interwork/libgcc.a(_fixdfsi.o)
                0x000150e0                __fixdfsi
                0x000150e0                __aeabi_d2iz
 *(.gnu.linkonce.t.*)
 *(.strings .strings.*)
 *(.glue_7)
 .glue_7        0x0001513c       0x18 linker stubs
                0x0001513c                __SV_read_date_from_arm
                0x00015148                __SystemFioctl_from_arm
 *fill*         0x00015154        0x4 00
 .glue_7.stub   0x00015158       0x60 linker stubs
 *(.glue_7t)
 .glue_7t       0x00000000        0x0 linker stubs
 *(.gcc_except_table)

.vfp11_veneer   0x000151b8        0x0
 .vfp11_veneer  0x00000000        0x0 linker stubs

.v4_bx          0x000151b8        0x0
 .v4_bx         0x00000000        0x0 linker stubs

.eh_frame
 *(.eh_frame)

.jcr
 *(.jcr)

.ctors          0x000151b8        0x0
                0x000151b8                __ctors_start = .
 *(SORT(.ctors.*))
 *(.ctors)
                0x000151b8                __ctors_end = .

.dtors          0x000151b8        0x0
                0x000151b8                __dtors_start = .
 *(SORT(.dtors.*))
 *(.dtors)
                0x000151b8                __dtors_end = .

.rodata         0x000151b8    0x20248
 *(.rodata .rodata.*)
 .rodata.str1.1
                0x000151b8       0x61 Obj/GNU_ARM_DEBUG/Backlight.o
                                 0x66 (size before relaxing)
 .rodata.str1.1
                0x00015219      0x16b Obj/GNU_ARM_DEBUG/Boleto.o
                                0x180 (size before relaxing)
 .rodata        0x00015384    0x1d5f0 Obj/GNU_ARM_DEBUG/Boleto.o
                0x00015494                __boleto__
                0x0002f5f6                __LogoItau__
                0x00031234                pxls_por_letra
                0x00031238                pxls_por_espaco
                0x0003123c                pxls_por_letra_grande
                0x00031240                pxls_por_espaco_grande
                0x00031244                f_0
                0x000312a6                f_1
                0x000312fc                f_2
                0x0003135e                f_3
                0x000313c0                f_4
                0x00031426                f_5
                0x00031488                f_6
                0x000314ea                f_7
                0x0003154c                f_8
                0x000315ae                f_9
                0x00031610                f_A
                0x00031682                f_B
                0x000316f0                f_C
                0x0003175e                f_D
                0x000317cc                f_E
                0x00031836                f_F
                0x0003189c                f_G
                0x0003190e                f_H
                0x00031978                f_I
                0x000319c2                f_J
                0x00031a24                f_K
                0x00031a92                f_L
                0x00031af8                f_M
                0x00031b6e                f_N
                0x00031bd8                f_O
                0x00031c4a                f_P
                0x00031cb4                f_Q
                0x00031d2a                f_R
                0x00031d98                f_S
                0x00031e02                f_T
                0x00031e68                f_U
                0x00031ed2                f_V
                0x00031f44                f_W
                0x00031fc6                f_X
                0x00032030                f_Y
                0x0003209a                f_Z
                0x00032104                f_ponto
                0x0003214a                f_cifrao
                0x000321ac                f_hifen
                0x000321fe                fg_0
                0x00032278                fg_1
                0x000322da                fg_2
                0x00032354                fg_3
                0x000323ca                fg_4
                0x0003244c                fg_5
                0x000324c6                fg_6
                0x0003253c                fg_7
                0x000325b2                fg_8
                0x00032628                fg_9
                0x0003269e                fg_hifen
                0x000326fc                fg_ponto
                0x0003274a                barra_fina_p
                0x000327a8                barra_fina_b
                0x00032806                barra_grossa_p
                0x000328a4                barra_grossa_b
 .rodata.str1.1
                0x00032974      0x171 Obj/GNU_ARM_DEBUG/Conn.o
                                0x186 (size before relaxing)
 .rodata.str1.1
                0x00032ae5       0x95 Obj/GNU_ARM_DEBUG/Dialogs.o
                                 0xae (size before relaxing)
 *fill*         0x00032b7a        0x2 00
 .rodata        0x00032b7c      0x21c Obj/GNU_ARM_DEBUG/Dialogs.o
                0x00032ba0                __LogoBMP_LARG__
                0x00032ba4                __LogoBMP_ALT__
                0x00032ba8                __LogoBMP__
 .rodata.str1.1
                0x00032d98      0x1fa Obj/GNU_ARM_DEBUG/Entry.o
                                0x217 (size before relaxing)
 *fill*         0x00032f92        0x2 00
 .rodata        0x00032f94       0xdc Obj/GNU_ARM_DEBUG/Entry.o
 .rodata.str1.1
                0x00033070       0xb3 Obj/GNU_ARM_DEBUG/File.o
                                 0xd5 (size before relaxing)
 .rodata        0x00033123       0x1f Obj/GNU_ARM_DEBUG/File.o
                0x00033123                dir
                0x00033129                inf_cfg_filename
                0x00033135                inf_prod_filename
 .rodata.str1.1
                0x00033142       0x50 Obj/GNU_ARM_DEBUG/FTP.o
                                 0x65 (size before relaxing)
 .rodata.str1.1
                0x00033192      0x146 Obj/GNU_ARM_DEBUG/GPRS.o
                                0x151 (size before relaxing)
 .rodata.str1.1
                0x000332d8       0xe9 Obj/GNU_ARM_DEBUG/HTTP.o
                                0x105 (size before relaxing)
 .rodata.str1.1
                0x000333c1       0xb4 Obj/GNU_ARM_DEBUG/Inicio.o
                                 0xc3 (size before relaxing)
 .rodata        0x00033475       0x13 Obj/GNU_ARM_DEBUG/Inicio.o
 .rodata        0x00033488       0xac Obj/GNU_ARM_DEBUG/Main.o
 .rodata.str1.1
                0x00033534      0x6f4 Obj/GNU_ARM_DEBUG/Menus.o
                                0x7e7 (size before relaxing)
 .rodata        0x00033c28       0x84 Obj/GNU_ARM_DEBUG/Menus.o
 .rodata.str1.1
                0x00033cac       0x11 Obj/GNU_ARM_DEBUG/NTP.o
 .rodata.str1.1
                0x00033cbd      0x1c5 Obj/GNU_ARM_DEBUG/Sistema.o
                                0x1f1 (size before relaxing)
 *fill*         0x00033e82        0x2 00
 .rodata        0x00033e84       0x74 Obj/GNU_ARM_DEBUG/Sistema.o
 .rodata.str1.1
                0x00033ef8      0x20f Obj/GNU_ARM_DEBUG/Recarga.o
                                0x2a9 (size before relaxing)
 *fill*         0x00034107        0x1 00
 .rodata        0x00034108       0x18 Obj/GNU_ARM_DEBUG/__ing_cguard.o
 .rodata.str1.1
                0x00034120        0xc C:/Program Files/TeliumSDK/SDK 9.8.0/SDK/lib_gnu_434/eft30.lib(extens119.o)
 .rodata.str1.1
                0x0003412c       0x12 C:/Program Files/TeliumSDK/SDK 9.8.0/SDK/lib_gnu_434/eft30.lib(extens134.o)
 .rodata.str1.1
                0x0003413e        0xe C:/Program Files/TeliumSDK/SDK 9.8.0/SDK/lib_gnu_434/eft30.lib(extens201.o)
 .rodata.str1.1
                0x0003414c        0x5 C:/Program Files/TeliumSDK/SDK 9.8.0/SDK/lib_gnu_434/eft30.lib(extens232.o)
 .rodata.str1.1
                0x00034151        0x9 C:/Program Files/TeliumSDK/SDK 9.8.0/SDK/lib_gnu_434/eft30.lib(extens54.o)
 .rodata.str1.1
                0x0003415a       0x1c C:/Program Files/TeliumSDK/SDK 9.8.0/SDK/lib_gnu_434/eft30.lib(param156.o)
 .rodata.str1.1
                0x00034176       0x13 C:/Program Files/TeliumSDK/SDK 9.8.0/SDK/lib_gnu_434/eft30.lib(param17.o)
 .rodata.str1.1
                0x00034189       0x17 C:/Program Files/TeliumSDK/SDK 9.8.0/SDK/lib_gnu_434/eft30.lib(param47.o)
 .rodata.str1.1
                0x000341a0       0x17 C:/Program Files/TeliumSDK/SDK 9.8.0/SDK/lib_gnu_434/eft30.lib(param81.o)
 .rodata.str1.1
                0x000341b7       0x11 C:/Program Files/TeliumSDK/SDK 9.8.0/SDK/lib_gnu_434/eft30.lib(saisie18.o)
 .rodata.str1.1
                0x000341c8        0xc C:/Program Files/TeliumSDK/SDK 9.8.0/SDK/lib_gnu_434/eft30.lib(saisie6.o)
 .rodata.str1.1
                0x000341d4       0x13 C:/Program Files/TeliumSDK/SDK 9.8.0/SDK/lib_gnu_434/eft30.lib(saisie7.o)
 .rodata.str1.1
                0x000341e7       0x18 C:/Program Files/TeliumSDK/SDK 9.8.0/SDK/lib_gnu_434/eft30.lib(saisie8.o)
 .rodata.str1.1
                0x000341ff        0xf C:/Program Files/TeliumSDK/SDK 9.8.0/SDK/lib_gnu_434/eft30.lib(saisie9.o)
 .rodata.str1.1
                0x0003420e        0xd C:/Program Files/TeliumSDK/SDK 9.8.0/SDK/lib_gnu_434/eft30.lib(sv24.o)
 .rodata.str1.1
                0x0003421b        0xe C:/Program Files/TeliumSDK/SDK 9.8.0/SDK/lib_gnu_434/eft30.lib(sv25.o)
 .rodata.str1.1
                0x00000000        0xe C:/Program Files/TeliumSDK/SDK 9.8.0/SDK/lib_gnu_434/eft30.lib(libgr110.o)
                                  0x7 (size before relaxing)
 .rodata.str1.1
                0x00034229        0xc C:/Program Files/TeliumSDK/SDK 9.8.0/SDK/lib_gnu_434/eft30.lib(libgr123.o)
 .rodata.str1.1
                0x00034235        0xe C:/Program Files/TeliumSDK/SDK 9.8.0/SDK/lib_gnu_434/eft30.lib(libgr137.o)
 .rodata.str1.1
                0x00034243       0x1c C:/Program Files/TeliumSDK/SDK 9.8.0/SDK/lib_gnu_434/eft30.lib(libgr25.o)
 .rodata.str1.1
                0x0003425f        0x8 C:/Program Files/TeliumSDK/SDK 9.8.0/SDK/lib_gnu_434/eft30.lib(libgr3.o)
 .rodata.str1.1
                0x00000000        0x8 C:/Program Files/TeliumSDK/SDK 9.8.0/SDK/lib_gnu_434/eft30.lib(libgr33.o)
                                  0xe (size before relaxing)
 .rodata.str1.1
                0x00034267        0x8 C:/Program Files/TeliumSDK/SDK 9.8.0/SDK/lib_gnu_434/eft30.lib(libgr35.o)
 .rodata.str1.1
                0x0003426f        0xe C:/Program Files/TeliumSDK/SDK 9.8.0/SDK/lib_gnu_434/eft30.lib(libgr37.o)
 .rodata.str1.1
                0x0003427d        0xe C:/Program Files/TeliumSDK/SDK 9.8.0/SDK/lib_gnu_434/eft30.lib(libgr41.o)
 .rodata.str1.1
                0x0003428b        0xf C:/Program Files/TeliumSDK/SDK 9.8.0/SDK/lib_gnu_434/eft30.lib(libgr49.o)
 .rodata.str1.1
                0x0003429a       0x14 C:/Program Files/TeliumSDK/SDK 9.8.0/SDK/lib_gnu_434/eft30.lib(libgr50.o)
 .rodata.str1.1
                0x000342ae       0x16 C:/Program Files/TeliumSDK/SDK 9.8.0/SDK/lib_gnu_434/eft30.lib(libgr52.o)
 .rodata.str1.1
                0x00000000       0x16 C:/Program Files/TeliumSDK/SDK 9.8.0/SDK/lib_gnu_434/eft30.lib(libgr7.o)
                                  0xf (size before relaxing)
 .rodata.str1.1
                0x000342c4       0x12 C:/Program Files/TeliumSDK/SDK 9.8.0/SDK/lib_gnu_434/eft30.lib(libgr75.o)
 .rodata.str1.1
                0x000342d6        0xc C:/Program Files/TeliumSDK/SDK 9.8.0/SDK/lib_gnu_434/eft30.lib(libgr81.o)
 .rodata.str1.1
                0x000342e2       0x15 C:/Program Files/TeliumSDK/SDK 9.8.0/SDK/lib_gnu_434/eft30.lib(libgr82.o)
 .rodata.str1.1
                0x000342f7       0x12 C:/Program Files/TeliumSDK/SDK 9.8.0/SDK/lib_gnu_434/eft30.lib(libgr83.o)
 .rodata.str1.1
                0x00034309        0xd C:/Program Files/TeliumSDK/SDK 9.8.0/SDK/lib_gnu_434/eft30.lib(Tools35.o)
 .rodata.str1.1
                0x00034316        0xe C:/Program Files/TeliumSDK/SDK 9.8.0/SDK/lib_gnu_434/eft30.lib(Tools36.o)
 .rodata.str1.1
                0x00034324        0xd C:/Program Files/TeliumSDK/SDK 9.8.0/SDK/lib_gnu_434/eft30.lib(gprs1.o)
 .rodata.str1.1
                0x00034331       0x16 C:/Program Files/TeliumSDK/SDK 9.8.0/SDK/lib_gnu_434/eft30.lib(gprs11.o)
 .rodata.str1.1
                0x00034347       0x13 C:/Program Files/TeliumSDK/SDK 9.8.0/SDK/lib_gnu_434/eft30.lib(gprs13.o)
 .rodata.str1.1
                0x0003435a       0x15 C:/Program Files/TeliumSDK/SDK 9.8.0/SDK/lib_gnu_434/eft30.lib(gprs15.o)
 .rodata.str1.1
                0x0003436f       0x1b C:/Program Files/TeliumSDK/SDK 9.8.0/SDK/lib_gnu_434/eft30.lib(gprs17.o)
 .rodata.str1.1
                0x0003438a        0xa C:/Program Files/TeliumSDK/SDK 9.8.0/SDK/lib_gnu_434/eft30.lib(gprs19.o)
 .rodata.str1.1
                0x00034394        0xc C:/Program Files/TeliumSDK/SDK 9.8.0/SDK/lib_gnu_434/eft30.lib(gprs29.o)
 .rodata.str1.1
                0x000343a0       0x14 C:/Program Files/TeliumSDK/SDK 9.8.0/SDK/lib_gnu_434/eft30.lib(gprs32.o)
 .rodata.str1.1
                0x000343b4       0x1a C:/Program Files/TeliumSDK/SDK 9.8.0/SDK/lib_gnu_434/eft30.lib(hwcnf18.o)
 .rodata.str1.1
                0x00000000        0x6 C:/Program Files/TeliumSDK/SDK 9.8.0/SDK/lib_gnu_434/eft30.lib(gprs_lib.o)
 *fill*         0x000343ce        0x2 00
 .rodata        0x000343d0       0x2c C:/Program Files/TeliumSDK/SDK 9.8.0/SDK/lib_gnu_434/eft30.lib(gprs_lib.o)
 .rodata.str1.1
                0x00000000       0x21 C:/Program Files/TeliumSDK/SDK 9.8.0/SDK/lib_gnu_434/eft30.lib(LibAppli.o)
 .rodata        0x000343fc      0x100 C:/Program Files/TeliumSDK/SDK 9.8.0/SDK/lib_gnu_434/eft30.lib(ctype.o)
                0x000343fc                _ctype2_
 .rodata.str1.1
                0x000344fc        0x8 C:/Program Files/TeliumSDK/SDK 9.8.0/SDK/lib_gnu_434/eft30.lib(extens.o)
 .rodata        0x00034504        0x7 C:/Program Files/TeliumSDK/SDK 9.8.0/SDK/lib_gnu_434/eft30.lib(extens.o)
 .rodata.str1.1
                0x0003450b       0x11 C:/Program Files/TeliumSDK/SDK 9.8.0/SDK/lib_gnu_434/eft30.lib(extens236.o)
 .rodata.str1.1
                0x0003451c       0x12 C:/Program Files/TeliumSDK/SDK 9.8.0/SDK/lib_gnu_434/eft30.lib(extens237.o)
 .rodata.str1.1
                0x00000000        0x8 C:/Program Files/TeliumSDK/SDK 9.8.0/SDK/lib_gnu_434/eft30.lib(param.o)
 .rodata        0x0003452e        0x6 C:/Program Files/TeliumSDK/SDK 9.8.0/SDK/lib_gnu_434/eft30.lib(param.o)
 .rodata.str1.1
                0x00000000        0x8 C:/Program Files/TeliumSDK/SDK 9.8.0/SDK/lib_gnu_434/eft30.lib(saisie.o)
 .rodata        0x00034534        0x7 C:/Program Files/TeliumSDK/SDK 9.8.0/SDK/lib_gnu_434/eft30.lib(saisie.o)
 .rodata.str1.1
                0x00000000        0x8 C:/Program Files/TeliumSDK/SDK 9.8.0/SDK/lib_gnu_434/eft30.lib(sv.o)
 .rodata        0x0003453b        0x3 C:/Program Files/TeliumSDK/SDK 9.8.0/SDK/lib_gnu_434/eft30.lib(sv.o)
 .rodata.str1.1
                0x00000000        0x8 C:/Program Files/TeliumSDK/SDK 9.8.0/SDK/lib_gnu_434/eft30.lib(libgr.o)
 .rodata        0x0003453e        0x6 C:/Program Files/TeliumSDK/SDK 9.8.0/SDK/lib_gnu_434/eft30.lib(libgr.o)
 .rodata.str1.1
                0x00000000        0x8 C:/Program Files/TeliumSDK/SDK 9.8.0/SDK/lib_gnu_434/eft30.lib(Tools.o)
 .rodata        0x00034544        0x8 C:/Program Files/TeliumSDK/SDK 9.8.0/SDK/lib_gnu_434/eft30.lib(Tools.o)
 .rodata.str1.1
                0x00000000        0x8 C:/Program Files/TeliumSDK/SDK 9.8.0/SDK/lib_gnu_434/eft30.lib(gprs.o)
 .rodata        0x0003454c        0x5 C:/Program Files/TeliumSDK/SDK 9.8.0/SDK/lib_gnu_434/eft30.lib(gprs.o)
 .rodata.str1.1
                0x00000000        0x8 C:/Program Files/TeliumSDK/SDK 9.8.0/SDK/lib_gnu_434/eft30.lib(hwcnf.o)
 .rodata        0x00034551        0x6 C:/Program Files/TeliumSDK/SDK 9.8.0/SDK/lib_gnu_434/eft30.lib(hwcnf.o)
 .rodata.str1.1
                0x00034557       0xbf C:/Program Files/TeliumSDK/SDK 9.8.0/SDK/lib_gnu_434/LinkLayerExeInterface.lib(LinkLayerServices.o)
                                 0xc0 (size before relaxing)
 .rodata.str1.1
                0x00034616        0xa C:/Program Files/TeliumSDK/SDK 9.8.0/SDK/lib_gnu_434/FTP_.lib(FTP.o)
 .rodata.str1.1
                0x00034620      0x203 C:/Program Files/TeliumSDK/SDK 9.8.0/SDK/lib_gnu_434/FTP_.lib(FTPC.o)
                                0x216 (size before relaxing)
 .rodata.str1.1
                0x00034823        0xc C:/Program Files/TeliumSDK/SDK 9.8.0/SDK/lib_gnu_434/IP_.lib(IP.o)
 .rodata.str1.1
                0x0003482f      0x3fc C:/Program Files/TeliumSDK/SDK 9.8.0/SDK/lib_gnu_434/IP_.lib(EthernetConfig.o)
                                0x426 (size before relaxing)
 .rodata.str1.1
                0x00034c2b       0x10 C:/Program Files/TeliumSDK/SDK 9.8.0/SDK/lib_gnu_434/eft30.lib(extens280.o)
 .rodata.str1.1
                0x00034c3b       0x96 C:/Program Files/TeliumSDK/SDK 9.8.0/SDK/lib_gnu_434/AVL.lib(Serializer_Xml.o)
                                 0xa7 (size before relaxing)
 .rodata.str1.1
                0x00034cd1       0x1e C:/Program Files/TeliumSDK/SDK 9.8.0/SDK/lib_gnu_434/AVL.lib(XMLs_ProcessData.o)
 *fill*         0x00034cef        0x1 00
 .rodata        0x00034cf0       0x28 C:/Program Files/TeliumSDK/SDK 9.8.0/SDK/lib_gnu_434/AVL.lib(XMLs_ProcessData.o)
 .rodata.str1.1
                0x00034d18      0x266 C:/Program Files/TeliumSDK/SDK 9.8.0/SDK/lib_gnu_434/dll_wifi.lib(wifi.o)
                                0x26e (size before relaxing)
 .rodata.str1.1
                0x00034f7e       0x4c C:/Program Files/Ingenico/IngeDev_7/plugins/com.ingenico.ingedev.telium.bin.win32.gnuarm.v434_7.16.0.6/os/win32/GNUARM/4.3.4/arm-elf/lib/thumb/soft/interwork/libc.a(lib_a-svfprintf.o)
                                 0x4e (size before relaxing)
 *fill*         0x00034fca        0x2 00
 .rodata        0x00034fcc      0x184 C:/Program Files/Ingenico/IngeDev_7/plugins/com.ingenico.ingedev.telium.bin.win32.gnuarm.v434_7.16.0.6/os/win32/GNUARM/4.3.4/arm-elf/lib/thumb/soft/interwork/libc.a(lib_a-svfprintf.o)
 .rodata        0x00035150      0x101 C:/Program Files/Ingenico/IngeDev_7/plugins/com.ingenico.ingedev.telium.bin.win32.gnuarm.v434_7.16.0.6/os/win32/GNUARM/4.3.4/arm-elf/lib/thumb/soft/interwork/libc.a(lib_a-ctype_.o)
                0x00035150                _ctype_
 .rodata.str1.1
                0x00035251        0xd C:/Program Files/Ingenico/IngeDev_7/plugins/com.ingenico.ingedev.telium.bin.win32.gnuarm.v434_7.16.0.6/os/win32/GNUARM/4.3.4/arm-elf/lib/thumb/soft/interwork/libc.a(lib_a-dtoa.o)
                                  0xf (size before relaxing)
 *fill*         0x0003525e        0x2 00
 .rodata        0x00035260       0x18 C:/Program Files/Ingenico/IngeDev_7/plugins/com.ingenico.ingedev.telium.bin.win32.gnuarm.v434_7.16.0.6/os/win32/GNUARM/4.3.4/arm-elf/lib/thumb/soft/interwork/libc.a(lib_a-dtoa.o)
 .rodata        0x00035278        0x4 C:/Program Files/Ingenico/IngeDev_7/plugins/com.ingenico.ingedev.telium.bin.win32.gnuarm.v434_7.16.0.6/os/win32/GNUARM/4.3.4/arm-elf/lib/thumb/soft/interwork/libc.a(lib_a-impure.o)
                0x00035278                _global_impure_ptr
 .rodata.str1.1
                0x00000000        0xd C:/Program Files/Ingenico/IngeDev_7/plugins/com.ingenico.ingedev.telium.bin.win32.gnuarm.v434_7.16.0.6/os/win32/GNUARM/4.3.4/arm-elf/lib/thumb/soft/interwork/libc.a(lib_a-impure.o)
                                  0x2 (size before relaxing)
 .rodata.str1.1
                0x0003527c        0x6 C:/Program Files/Ingenico/IngeDev_7/plugins/com.ingenico.ingedev.telium.bin.win32.gnuarm.v434_7.16.0.6/os/win32/GNUARM/4.3.4/arm-elf/lib/thumb/soft/interwork/libc.a(lib_a-locale.o)
                                  0xb (size before relaxing)
 *fill*         0x00035282        0x2 00
 .rodata        0x00035284       0x38 C:/Program Files/Ingenico/IngeDev_7/plugins/com.ingenico.ingedev.telium.bin.win32.gnuarm.v434_7.16.0.6/os/win32/GNUARM/4.3.4/arm-elf/lib/thumb/soft/interwork/libc.a(lib_a-locale.o)
 .rodata        0x000352bc      0x124 C:/Program Files/Ingenico/IngeDev_7/plugins/com.ingenico.ingedev.telium.bin.win32.gnuarm.v434_7.16.0.6/os/win32/GNUARM/4.3.4/arm-elf/lib/thumb/soft/interwork/libc.a(lib_a-mprec.o)
                0x000352bc                __mprec_tens
                0x00035384                __mprec_bigtens
                0x000353ac                __mprec_tinytens
 .rodata.str1.1
                0x00000000       0x3c C:/Program Files/Ingenico/IngeDev_7/plugins/com.ingenico.ingedev.telium.bin.win32.gnuarm.v434_7.16.0.6/os/win32/GNUARM/4.3.4/arm-elf/lib/thumb/soft/interwork/libc.a(lib_a-svfiprintf.o)
 .rodata        0x000353e0       0x20 C:/Program Files/Ingenico/IngeDev_7/plugins/com.ingenico.ingedev.telium.bin.win32.gnuarm.v434_7.16.0.6/os/win32/GNUARM/4.3.4/arm-elf/lib/thumb/soft/interwork/libc.a(lib_a-svfiprintf.o)
 *(.gnu.linkonce.r.*)
                0x00035400                __text_end = .
                0x00200000                . = 0x200000

.data           0x00200000      0x75c load address 0x00035400
                0x00200000                __data_start = .
 *(.data .data.*)
 .data          0x00200000        0x0 Obj/GNU_ARM_DEBUG/Backlight.o
 .data          0x00200000      0x116 Obj/GNU_ARM_DEBUG/Boleto.o
                0x00200000                f_virgula
                0x0020004a                f_barra
                0x0020009c                f_perc
 .data          0x00200116        0x0 Obj/GNU_ARM_DEBUG/Conn.o
 .data          0x00200116        0x0 Obj/GNU_ARM_DEBUG/Dialogs.o
 *fill*         0x00200116        0x2 00
 .data          0x00200118      0x10c Obj/GNU_ARM_DEBUG/Entry.o
                0x00200118                idleMsgAtual
 .data          0x00200224        0x0 Obj/GNU_ARM_DEBUG/File.o
 .data          0x00200224        0x0 Obj/GNU_ARM_DEBUG/FTP.o
 .data          0x00200224        0x0 Obj/GNU_ARM_DEBUG/GPRS.o
 .data          0x00200224        0x0 Obj/GNU_ARM_DEBUG/HTTP.o
 .data          0x00200224        0x0 Obj/GNU_ARM_DEBUG/Inicio.o
 .data          0x00200224        0x0 Obj/GNU_ARM_DEBUG/Main.o
 .data          0x00200224       0xb4 Obj/GNU_ARM_DEBUG/Menus.o
                0x00200224                MenuPrincipal
                0x00200238                MenuAdm
                0x00200254                MenuSistema
                0x00200274                MenuConfig
                0x00200280                MenuServidor
                0x00200294                MenuApn
                0x002002b0                MenuCobranca
                0x002002c0                MenuRelatorios
                0x002002d0                MenuReimpressaoVendas
 .data          0x002002d8        0x0 Obj/GNU_ARM_DEBUG/NTP.o
 .data          0x002002d8        0x0 Obj/GNU_ARM_DEBUG/Sistema.o
 .data          0x002002d8        0x0 Obj/GNU_ARM_DEBUG/Recarga.o
 .data          0x002002d8        0x0 Obj/GNU_ARM_DEBUG/cstartup.o
 .data          0x002002d8        0x4 Obj/GNU_ARM_DEBUG/__ing_cguard.o
                0x002002d8                __stack_chk_guard
 .data          0x002002dc        0x0 Obj/GNU_ARM_DEBUG/__ing_getRand_dateXORSerial.o
 .data          0x002002dc        0x0 C:/Program Files/TeliumSDK/SDK 9.8.0/SDK/lib_gnu_434/eft30.lib(atoi.o)
 .data          0x002002dc        0x0 C:/Program Files/TeliumSDK/SDK 9.8.0/SDK/lib_gnu_434/eft30.lib(extens119.o)
 .data          0x002002dc        0x0 C:/Program Files/TeliumSDK/SDK 9.8.0/SDK/lib_gnu_434/eft30.lib(extens134.o)
 .data          0x002002dc        0x0 C:/Program Files/TeliumSDK/SDK 9.8.0/SDK/lib_gnu_434/eft30.lib(extens201.o)
 .data          0x002002dc        0x0 C:/Program Files/TeliumSDK/SDK 9.8.0/SDK/lib_gnu_434/eft30.lib(extens232.o)
 .data          0x002002dc        0x0 C:/Program Files/TeliumSDK/SDK 9.8.0/SDK/lib_gnu_434/eft30.lib(extens54.o)
 .data          0x002002dc        0x0 C:/Program Files/TeliumSDK/SDK 9.8.0/SDK/lib_gnu_434/eft30.lib(param156.o)
 .data          0x002002dc        0x0 C:/Program Files/TeliumSDK/SDK 9.8.0/SDK/lib_gnu_434/eft30.lib(param17.o)
 .data          0x002002dc        0x0 C:/Program Files/TeliumSDK/SDK 9.8.0/SDK/lib_gnu_434/eft30.lib(param47.o)
 .data          0x002002dc        0x0 C:/Program Files/TeliumSDK/SDK 9.8.0/SDK/lib_gnu_434/eft30.lib(param81.o)
 .data          0x002002dc        0x0 C:/Program Files/TeliumSDK/SDK 9.8.0/SDK/lib_gnu_434/eft30.lib(saisie18.o)
 .data          0x002002dc        0x0 C:/Program Files/TeliumSDK/SDK 9.8.0/SDK/lib_gnu_434/eft30.lib(saisie6.o)
 .data          0x002002dc        0x0 C:/Program Files/TeliumSDK/SDK 9.8.0/SDK/lib_gnu_434/eft30.lib(saisie7.o)
 .data          0x002002dc        0x0 C:/Program Files/TeliumSDK/SDK 9.8.0/SDK/lib_gnu_434/eft30.lib(saisie8.o)
 .data          0x002002dc        0x0 C:/Program Files/TeliumSDK/SDK 9.8.0/SDK/lib_gnu_434/eft30.lib(saisie9.o)
 .data          0x002002dc        0x0 C:/Program Files/TeliumSDK/SDK 9.8.0/SDK/lib_gnu_434/eft30.lib(sv24.o)
 .data          0x002002dc        0x0 C:/Program Files/TeliumSDK/SDK 9.8.0/SDK/lib_gnu_434/eft30.lib(sv25.o)
 .data          0x002002dc        0x0 C:/Program Files/TeliumSDK/SDK 9.8.0/SDK/lib_gnu_434/eft30.lib(libgr110.o)
 .data          0x002002dc        0x0 C:/Program Files/TeliumSDK/SDK 9.8.0/SDK/lib_gnu_434/eft30.lib(libgr123.o)
 .data          0x002002dc        0x0 C:/Program Files/TeliumSDK/SDK 9.8.0/SDK/lib_gnu_434/eft30.lib(libgr137.o)
 .data          0x002002dc        0x0 C:/Program Files/TeliumSDK/SDK 9.8.0/SDK/lib_gnu_434/eft30.lib(libgr25.o)
 .data          0x002002dc        0x0 C:/Program Files/TeliumSDK/SDK 9.8.0/SDK/lib_gnu_434/eft30.lib(libgr3.o)
 .data          0x002002dc        0x0 C:/Program Files/TeliumSDK/SDK 9.8.0/SDK/lib_gnu_434/eft30.lib(libgr33.o)
 .data          0x002002dc        0x0 C:/Program Files/TeliumSDK/SDK 9.8.0/SDK/lib_gnu_434/eft30.lib(libgr35.o)
 .data          0x002002dc        0x0 C:/Program Files/TeliumSDK/SDK 9.8.0/SDK/lib_gnu_434/eft30.lib(libgr37.o)
 .data          0x002002dc        0x0 C:/Program Files/TeliumSDK/SDK 9.8.0/SDK/lib_gnu_434/eft30.lib(libgr41.o)
 .data          0x002002dc        0x0 C:/Program Files/TeliumSDK/SDK 9.8.0/SDK/lib_gnu_434/eft30.lib(libgr49.o)
 .data          0x002002dc        0x0 C:/Program Files/TeliumSDK/SDK 9.8.0/SDK/lib_gnu_434/eft30.lib(libgr50.o)
 .data          0x002002dc        0x0 C:/Program Files/TeliumSDK/SDK 9.8.0/SDK/lib_gnu_434/eft30.lib(libgr52.o)
 .data          0x002002dc        0x0 C:/Program Files/TeliumSDK/SDK 9.8.0/SDK/lib_gnu_434/eft30.lib(libgr7.o)
 .data          0x002002dc        0x0 C:/Program Files/TeliumSDK/SDK 9.8.0/SDK/lib_gnu_434/eft30.lib(libgr75.o)
 .data          0x002002dc        0x0 C:/Program Files/TeliumSDK/SDK 9.8.0/SDK/lib_gnu_434/eft30.lib(libgr81.o)
 .data          0x002002dc        0x0 C:/Program Files/TeliumSDK/SDK 9.8.0/SDK/lib_gnu_434/eft30.lib(libgr82.o)
 .data          0x002002dc        0x0 C:/Program Files/TeliumSDK/SDK 9.8.0/SDK/lib_gnu_434/eft30.lib(libgr83.o)
 .data          0x002002dc        0x0 C:/Program Files/TeliumSDK/SDK 9.8.0/SDK/lib_gnu_434/eft30.lib(Tools35.o)
 .data          0x002002dc        0x0 C:/Program Files/TeliumSDK/SDK 9.8.0/SDK/lib_gnu_434/eft30.lib(Tools36.o)
 .data          0x002002dc        0x0 C:/Program Files/TeliumSDK/SDK 9.8.0/SDK/lib_gnu_434/eft30.lib(gprs1.o)
 .data          0x002002dc        0x0 C:/Program Files/TeliumSDK/SDK 9.8.0/SDK/lib_gnu_434/eft30.lib(gprs11.o)
 .data          0x002002dc        0x0 C:/Program Files/TeliumSDK/SDK 9.8.0/SDK/lib_gnu_434/eft30.lib(gprs13.o)
 .data          0x002002dc        0x0 C:/Program Files/TeliumSDK/SDK 9.8.0/SDK/lib_gnu_434/eft30.lib(gprs15.o)
 .data          0x002002dc        0x0 C:/Program Files/TeliumSDK/SDK 9.8.0/SDK/lib_gnu_434/eft30.lib(gprs17.o)
 .data          0x002002dc        0x0 C:/Program Files/TeliumSDK/SDK 9.8.0/SDK/lib_gnu_434/eft30.lib(gprs19.o)
 .data          0x002002dc        0x0 C:/Program Files/TeliumSDK/SDK 9.8.0/SDK/lib_gnu_434/eft30.lib(gprs29.o)
 .data          0x002002dc        0x0 C:/Program Files/TeliumSDK/SDK 9.8.0/SDK/lib_gnu_434/eft30.lib(gprs32.o)
 .data          0x002002dc        0x0 C:/Program Files/TeliumSDK/SDK 9.8.0/SDK/lib_gnu_434/eft30.lib(hwcnf18.o)
 .data          0x002002dc        0x0 C:/Program Files/TeliumSDK/SDK 9.8.0/SDK/lib_gnu_434/eft30.lib(gprs_lib.o)
 .data          0x002002dc        0x0 C:/Program Files/TeliumSDK/SDK 9.8.0/SDK/lib_gnu_434/eft30.lib(LibAppli.o)
 .data          0x002002dc        0x0 C:/Program Files/TeliumSDK/SDK 9.8.0/SDK/lib_gnu_434/eft30.lib(ctype.o)
 .data          0x002002dc        0x0 C:/Program Files/TeliumSDK/SDK 9.8.0/SDK/lib_gnu_434/eft30.lib(extens.o)
 .data          0x002002dc        0x0 C:/Program Files/TeliumSDK/SDK 9.8.0/SDK/lib_gnu_434/eft30.lib(extens236.o)
 .data          0x002002dc        0x0 C:/Program Files/TeliumSDK/SDK 9.8.0/SDK/lib_gnu_434/eft30.lib(extens237.o)
 .data          0x002002dc        0x0 C:/Program Files/TeliumSDK/SDK 9.8.0/SDK/lib_gnu_434/eft30.lib(param.o)
 .data          0x002002dc        0x0 C:/Program Files/TeliumSDK/SDK 9.8.0/SDK/lib_gnu_434/eft30.lib(saisie.o)
 .data          0x002002dc        0x0 C:/Program Files/TeliumSDK/SDK 9.8.0/SDK/lib_gnu_434/eft30.lib(sv.o)
 .data          0x002002dc        0x0 C:/Program Files/TeliumSDK/SDK 9.8.0/SDK/lib_gnu_434/eft30.lib(libgr.o)
 .data          0x002002dc        0x0 C:/Program Files/TeliumSDK/SDK 9.8.0/SDK/lib_gnu_434/eft30.lib(Tools.o)
 .data          0x002002dc        0x0 C:/Program Files/TeliumSDK/SDK 9.8.0/SDK/lib_gnu_434/eft30.lib(gprs.o)
 .data          0x002002dc        0x0 C:/Program Files/TeliumSDK/SDK 9.8.0/SDK/lib_gnu_434/eft30.lib(hwcnf.o)
 .data          0x002002dc        0x0 C:/Program Files/TeliumSDK/SDK 9.8.0/SDK/lib_gnu_434/trap.lib(trap_1302___STDOUT.o)
 .data          0x002002dc        0x0 C:/Program Files/TeliumSDK/SDK 9.8.0/SDK/lib_gnu_434/trap.lib(trap_1313_fclose.o)
 .data          0x002002dc        0x0 C:/Program Files/TeliumSDK/SDK 9.8.0/SDK/lib_gnu_434/trap.lib(trap_1314_fopen.o)
 .data          0x002002dc        0x0 C:/Program Files/TeliumSDK/SDK 9.8.0/SDK/lib_gnu_434/trap.lib(trap_1319_getc.o)
 .data          0x002002dc        0x0 C:/Program Files/TeliumSDK/SDK 9.8.0/SDK/lib_gnu_434/trap.lib(trap_131B___STDIN.o)
 .data          0x002002dc        0x0 C:/Program Files/TeliumSDK/SDK 9.8.0/SDK/lib_gnu_434/trap.lib(trap_131E_status.o)
 .data          0x002002dc        0x0 C:/Program Files/TeliumSDK/SDK 9.8.0/SDK/lib_gnu_434/trap.lib(trap_1323__vfprintf.o)
 .data          0x002002dc        0x0 C:/Program Files/TeliumSDK/SDK 9.8.0/SDK/lib_gnu_434/trap.lib(trap_1324_vsprintf.o)